[    3671ms] [INFO] %cDownload the React DevTools for a better development experience: https://react.dev/link/react-devtools font-weight:bold @ webpack-internal:///(app-pages-browser)/../../node_modules/.pnpm/next@15.5.23_@opentelemetry_f08dc99305b93747e4fd9c0f93e99113/node_modules/next/dist/compiled/react-dom/cjs/react-dom-client.development.js:25630
[    3879ms] [ERROR] Failed to load resource: the server responded with a status of 404 (Not Found) @ http://localhost:3000/favicon.ico:0
[  113417ms] [LOG] [Fast Refresh] rebuilding @ webpack-internal:///(app-pages-browser)/../../node_modules/.pnpm/next@15.5.23_@opentelemetry_f08dc99305b93747e4fd9c0f93e99113/node_modules/next/dist/client/dev/hot-reloader/app/hot-reloader-app.js:196
[  120352ms] [LOG] [Fast Refresh] done in 6935ms @ webpack-internal:///(app-pages-browser)/../../node_modules/.pnpm/next@15.5.23_@opentelemetry_f08dc99305b93747e4fd9c0f93e99113/node_modules/next/dist/client/dev/report-hmr-latency.js:13
[  122655ms] [LOG] [Fast Refresh] rebuilding @ webpack-internal:///(app-pages-browser)/../../node_modules/.pnpm/next@15.5.23_@opentelemetry_f08dc99305b93747e4fd9c0f93e99113/node_modules/next/dist/client/dev/hot-reloader/app/hot-reloader-app.js:196
[  128812ms] [LOG] [Fast Refresh] done in 6157ms @ webpack-internal:///(app-pages-browser)/../../node_modules/.pnpm/next@15.5.23_@opentelemetry_f08dc99305b93747e4fd9c0f93e99113/node_modules/next/dist/client/dev/report-hmr-latency.js:13
[  148302ms] [ERROR] Failed to load resource: the server responded with a status of 401 (Unauthorized) @ http://localhost:3001/auth/login:0
[  239192ms] [INFO] %cDownload the React DevTools for a better development experience: https://react.dev/link/react-devtools font-weight:bold @ webpack-internal:///(app-pages-browser)/../../node_modules/.pnpm/next@15.5.23_@opentelemetry_f08dc99305b93747e4fd9c0f93e99113/node_modules/next/dist/compiled/react-dom/cjs/react-dom-client.development.js:25630
[  244643ms] [LOG] [Fast Refresh] done in 1790082697312ms @ webpack-internal:///(app-pages-browser)/../../node_modules/.pnpm/next@15.5.23_@opentelemetry_f08dc99305b93747e4fd9c0f93e99113/node_modules/next/dist/client/dev/report-hmr-latency.js:13
[  271161ms] [INFO] %cDownload the React DevTools for a better development experience: https://react.dev/link/react-devtools font-weight:bold @ webpack-internal:///(app-pages-browser)/../../node_modules/.pnpm/next@15.5.23_@opentelemetry_f08dc99305b93747e4fd9c0f93e99113/node_modules/next/dist/compiled/react-dom/cjs/react-dom-client.development.js:25630
[  299255ms] [LOG] [Fast Refresh] rebuilding @ webpack-internal:///(app-pages-browser)/../../node_modules/.pnpm/next@15.5.23_@opentelemetry_f08dc99305b93747e4fd9c0f93e99113/node_modules/next/dist/client/dev/hot-reloader/app/hot-reloader-app.js:196
[  302807ms] [LOG] [Fast Refresh] done in 3552ms @ webpack-internal:///(app-pages-browser)/../../node_modules/.pnpm/next@15.5.23_@opentelemetry_f08dc99305b93747e4fd9c0f93e99113/node_modules/next/dist/client/dev/report-hmr-latency.js:13
[  326574ms] [LOG] [Fast Refresh] rebuilding @ webpack-internal:///(app-pages-browser)/../../node_modules/.pnpm/next@15.5.23_@opentelemetry_f08dc99305b93747e4fd9c0f93e99113/node_modules/next/dist/client/dev/hot-reloader/app/hot-reloader-app.js:196
[  329608ms] [LOG] [Fast Refresh] done in 3035ms @ webpack-internal:///(app-pages-browser)/../../node_modules/.pnpm/next@15.5.23_@opentelemetry_f08dc99305b93747e4fd9c0f93e99113/node_modules/next/dist/client/dev/report-hmr-latency.js:13
[ 1846813ms] [LOG] [Fast Refresh] rebuilding @ webpack-internal:///(app-pages-browser)/../../node_modules/.pnpm/next@15.5.23_@opentelemetry_f08dc99305b93747e4fd9c0f93e99113/node_modules/next/dist/client/dev/hot-reloader/app/hot-reloader-app.js:196
[ 1864246ms] [LOG] [Fast Refresh] rebuilding @ webpack-internal:///(app-pages-browser)/../../node_modules/.pnpm/next@15.5.23_@opentelemetry_f08dc99305b93747e4fd9c0f93e99113/node_modules/next/dist/client/dev/hot-reloader/app/hot-reloader-app.js:196
[ 1864297ms] [LOG] [Fast Refresh] done in 52ms @ webpack-internal:///(app-pages-browser)/../../node_modules/.pnpm/next@15.5.23_@opentelemetry_f08dc99305b93747e4fd9c0f93e99113/node_modules/next/dist/client/dev/report-hmr-latency.js:13
[ 1876839ms] [LOG] [Fast Refresh] rebuilding @ webpack-internal:///(app-pages-browser)/../../node_modules/.pnpm/next@15.5.23_@opentelemetry_f08dc99305b93747e4fd9c0f93e99113/node_modules/next/dist/client/dev/hot-reloader/app/hot-reloader-app.js:196
[ 1877850ms] [LOG] [Fast Refresh] done in 1011ms @ webpack-internal:///(app-pages-browser)/../../node_modules/.pnpm/next@15.5.23_@opentelemetry_f08dc99305b93747e4fd9c0f93e99113/node_modules/next/dist/client/dev/report-hmr-latency.js:13
[ 1880122ms] [LOG] [Fast Refresh] done in 3283ms @ webpack-internal:///(app-pages-browser)/../../node_modules/.pnpm/next@15.5.23_@opentelemetry_f08dc99305b93747e4fd9c0f93e99113/node_modules/next/dist/client/dev/report-hmr-latency.js:13
[ 1905452ms] [LOG] [Fast Refresh] rebuilding @ webpack-internal:///(app-pages-browser)/../../node_modules/.pnpm/next@15.5.23_@opentelemetry_f08dc99305b93747e4fd9c0f93e99113/node_modules/next/dist/client/dev/hot-reloader/app/hot-reloader-app.js:196
[ 1908033ms] [LOG] [Fast Refresh] done in 2581ms @ webpack-internal:///(app-pages-browser)/../../node_modules/.pnpm/next@15.5.23_@opentelemetry_f08dc99305b93747e4fd9c0f93e99113/node_modules/next/dist/client/dev/report-hmr-latency.js:13
[ 1910063ms] [LOG] [Fast Refresh] rebuilding @ webpack-internal:///(app-pages-browser)/../../node_modules/.pnpm/next@15.5.23_@opentelemetry_f08dc99305b93747e4fd9c0f93e99113/node_modules/next/dist/client/dev/hot-reloader/app/hot-reloader-app.js:196
[ 1911160ms] [LOG] [Fast Refresh] done in 1098ms @ webpack-internal:///(app-pages-browser)/../../node_modules/.pnpm/next@15.5.23_@opentelemetry_f08dc99305b93747e4fd9c0f93e99113/node_modules/next/dist/client/dev/report-hmr-latency.js:13
