Traceback (most recent call last):
  File "C:\Python313\Lib\logging\config.py", line 583, in configure
    formatters[name] = self.configure_formatter(
                       ~~~~~~~~~~~~~~~~~~~~~~~~^
                                        formatters[name])
                                        ^^^^^^^^^^^^^^^^^
  File "C:\Python313\Lib\logging\config.py", line 693, in configure_formatter
    result = self.configure_custom(config)
  File "C:\Python313\Lib\logging\config.py", line 487, in configure_custom
    result = c(**kwargs)
  File "D:\Eronmonsele\Documents\SoundMinds\product-app\services\ingestion\.venv\Lib\site-packages\uvicorn\logging.py", line 42, in __init__
    self.use_colors = sys.stdout.isatty()
                      ^^^^^^^^^^^^^^^^^
AttributeError: 'NoneType' object has no attribute 'isatty'

The above exception was the direct cause of the following exception:

Traceback (most recent call last):
  File "<frozen runpy>", line 198, in _run_module_as_main
  File "<frozen runpy>", line 88, in _run_code
  File "D:\Eronmonsele\Documents\SoundMinds\product-app\services\ingestion\.venv\Lib\site-packages\uvicorn\__main__.py", line 4, in <module>
    uvicorn.main()
    ~~~~~~~~~~~~^^
  File "D:\Eronmonsele\Documents\SoundMinds\product-app\services\ingestion\.venv\Lib\site-packages\click\core.py", line 1631, in __call__
    return self.main(*args, **kwargs)
           ~~~~~~~~~^^^^^^^^^^^^^^^^^
  File "D:\Eronmonsele\Documents\SoundMinds\product-app\services\ingestion\.venv\Lib\site-packages\click\core.py", line 1552, in main
    rv = self.invoke(ctx)
  File "D:\Eronmonsele\Documents\SoundMinds\product-app\services\ingestion\.venv\Lib\site-packages\click\core.py", line 1415, in invoke
    return ctx.invoke(self.callback, **ctx.params)
           ~~~~~~~~~~^^^^^^^^^^^^^^^^^^^^^^^^^^^^^
  File "D:\Eronmonsele\Documents\SoundMinds\product-app\services\ingestion\.venv\Lib\site-packages\click\core.py", line 910, in invoke
    return callback(*args, **kwargs)
  File "D:\Eronmonsele\Documents\SoundMinds\product-app\services\ingestion\.venv\Lib\site-packages\uvicorn\main.py", line 413, in main
    run(
    ~~~^
        app,
        ^^^^
    ...<45 lines>...
        h11_max_incomplete_event_size=h11_max_incomplete_event_size,
        ^^^^^^^^^^^^^^^^^^^^^^^^^^^^^^^^^^^^^^^^^^^^^^^^^^^^^^^^^^^^
    )
    ^
  File "D:\Eronmonsele\Documents\SoundMinds\product-app\services\ingestion\.venv\Lib\site-packages\uvicorn\main.py", line 517, in run
    config = Config(
        app,
    ...<44 lines>...
        h11_max_incomplete_event_size=h11_max_incomplete_event_size,
    )
  File "D:\Eronmonsele\Documents\SoundMinds\product-app\services\ingestion\.venv\Lib\site-packages\uvicorn\config.py", line 274, in __init__
    self.configure_logging()
    ~~~~~~~~~~~~~~~~~~~~~~^^
  File "D:\Eronmonsele\Documents\SoundMinds\product-app\services\ingestion\.venv\Lib\site-packages\uvicorn\config.py", line 366, in configure_logging
    logging.config.dictConfig(self.log_config)
    ~~~~~~~~~~~~~~~~~~~~~~~~~^^^^^^^^^^^^^^^^^
  File "C:\Python313\Lib\logging\config.py", line 935, in dictConfig
    dictConfigClass(config).configure()
    ~~~~~~~~~~~~~~~~~~~~~~~~~~~~~~~~~^^
  File "C:\Python313\Lib\logging\config.py", line 586, in configure
    raise ValueError('Unable to configure '
                     'formatter %r' % name) from e
ValueError: Unable to configure formatter 'default'
