INFO:     Started server process [5720]
INFO:     Waiting for application startup.
INFO:     Application startup complete.
INFO:     Uvicorn running on http://127.0.0.1:8000 (Press CTRL+C to quit)
INFO:     127.0.0.1:51059 - "GET /health HTTP/1.1" 200 OK
D:\Eronmonsele\Documents\SoundMinds\product-app\services\ingestion\.venv\Lib\site-packages\pydantic\_internal\_generate_schema.py:2274: UnsupportedFieldAttributeWarning: The 'alias' attribute with value 'schemaVersion' was provided to the `Field()` function, which has no effect in the context it was used. 'alias' is field-specific metadata, and can only be attached to a model field using `Annotated` metadata or by assignment. This may have happened because an `Annotated` type alias using the `type` statement was used, or if the `Field()` function was attached to a single member of a union type.
  warnings.warn(
D:\Eronmonsele\Documents\SoundMinds\product-app\services\ingestion\.venv\Lib\site-packages\pydantic\_internal\_generate_schema.py:2274: UnsupportedFieldAttributeWarning: The 'validation_alias' attribute with value 'schemaVersion' was provided to the `Field()` function, which has no effect in the context it was used. 'validation_alias' is field-specific metadata, and can only be attached to a model field using `Annotated` metadata or by assignment. This may have happened because an `Annotated` type alias using the `type` statement was used, or if the `Field()` function was attached to a single member of a union type.
  warnings.warn(
D:\Eronmonsele\Documents\SoundMinds\product-app\services\ingestion\.venv\Lib\site-packages\pydantic\_internal\_generate_schema.py:2274: UnsupportedFieldAttributeWarning: The 'serialization_alias' attribute with value 'schemaVersion' was provided to the `Field()` function, which has no effect in the context it was used. 'serialization_alias' is field-specific metadata, and can only be attached to a model field using `Annotated` metadata or by assignment. This may have happened because an `Annotated` type alias using the `type` statement was used, or if the `Field()` function was attached to a single member of a union type.
  warnings.warn(
D:\Eronmonsele\Documents\SoundMinds\product-app\services\ingestion\.venv\Lib\site-packages\pydantic\_internal\_generate_schema.py:2274: UnsupportedFieldAttributeWarning: The 'alias' attribute with value 'jobId' was provided to the `Field()` function, which has no effect in the context it was used. 'alias' is field-specific metadata, and can only be attached to a model field using `Annotated` metadata or by assignment. This may have happened because an `Annotated` type alias using the `type` statement was used, or if the `Field()` function was attached to a single member of a union type.
  warnings.warn(
D:\Eronmonsele\Documents\SoundMinds\product-app\services\ingestion\.venv\Lib\site-packages\pydantic\_internal\_generate_schema.py:2274: UnsupportedFieldAttributeWarning: The 'validation_alias' attribute with value 'jobId' was provided to the `Field()` function, which has no effect in the context it was used. 'validation_alias' is field-specific metadata, and can only be attached to a model field using `Annotated` metadata or by assignment. This may have happened because an `Annotated` type alias using the `type` statement was used, or if the `Field()` function was attached to a single member of a union type.
  warnings.warn(
D:\Eronmonsele\Documents\SoundMinds\product-app\services\ingestion\.venv\Lib\site-packages\pydantic\_internal\_generate_schema.py:2274: UnsupportedFieldAttributeWarning: The 'serialization_alias' attribute with value 'jobId' was provided to the `Field()` function, which has no effect in the context it was used. 'serialization_alias' is field-specific metadata, and can only be attached to a model field using `Annotated` metadata or by assignment. This may have happened because an `Annotated` type alias using the `type` statement was used, or if the `Field()` function was attached to a single member of a union type.
  warnings.warn(
D:\Eronmonsele\Documents\SoundMinds\product-app\services\ingestion\.venv\Lib\site-packages\pydantic\_internal\_generate_schema.py:2274: UnsupportedFieldAttributeWarning: The 'alias' attribute with value 'sourceDocumentId' was provided to the `Field()` function, which has no effect in the context it was used. 'alias' is field-specific metadata, and can only be attached to a model field using `Annotated` metadata or by assignment. This may have happened because an `Annotated` type alias using the `type` statement was used, or if the `Field()` function was attached to a single member of a union type.
  warnings.warn(
D:\Eronmonsele\Documents\SoundMinds\product-app\services\ingestion\.venv\Lib\site-packages\pydantic\_internal\_generate_schema.py:2274: UnsupportedFieldAttributeWarning: The 'validation_alias' attribute with value 'sourceDocumentId' was provided to the `Field()` function, which has no effect in the context it was used. 'validation_alias' is field-specific metadata, and can only be attached to a model field using `Annotated` metadata or by assignment. This may have happened because an `Annotated` type alias using the `type` statement was used, or if the `Field()` function was attached to a single member of a union type.
  warnings.warn(
D:\Eronmonsele\Documents\SoundMinds\product-app\services\ingestion\.venv\Lib\site-packages\pydantic\_internal\_generate_schema.py:2274: UnsupportedFieldAttributeWarning: The 'serialization_alias' attribute with value 'sourceDocumentId' was provided to the `Field()` function, which has no effect in the context it was used. 'serialization_alias' is field-specific metadata, and can only be attached to a model field using `Annotated` metadata or by assignment. This may have happened because an `Annotated` type alias using the `type` statement was used, or if the `Field()` function was attached to a single member of a union type.
  warnings.warn(
D:\Eronmonsele\Documents\SoundMinds\product-app\services\ingestion\.venv\Lib\site-packages\pydantic\_internal\_generate_schema.py:2274: UnsupportedFieldAttributeWarning: The 'alias' attribute with value 'sourceDownloadUrl' was provided to the `Field()` function, which has no effect in the context it was used. 'alias' is field-specific metadata, and can only be attached to a model field using `Annotated` metadata or by assignment. This may have happened because an `Annotated` type alias using the `type` statement was used, or if the `Field()` function was attached to a single member of a union type.
  warnings.warn(
D:\Eronmonsele\Documents\SoundMinds\product-app\services\ingestion\.venv\Lib\site-packages\pydantic\_internal\_generate_schema.py:2274: UnsupportedFieldAttributeWarning: The 'validation_alias' attribute with value 'sourceDownloadUrl' was provided to the `Field()` function, which has no effect in the context it was used. 'validation_alias' is field-specific metadata, and can only be attached to a model field using `Annotated` metadata or by assignment. This may have happened because an `Annotated` type alias using the `type` statement was used, or if the `Field()` function was attached to a single member of a union type.
  warnings.warn(
D:\Eronmonsele\Documents\SoundMinds\product-app\services\ingestion\.venv\Lib\site-packages\pydantic\_internal\_generate_schema.py:2274: UnsupportedFieldAttributeWarning: The 'serialization_alias' attribute with value 'sourceDownloadUrl' was provided to the `Field()` function, which has no effect in the context it was used. 'serialization_alias' is field-specific metadata, and can only be attached to a model field using `Annotated` metadata or by assignment. This may have happened because an `Annotated` type alias using the `type` statement was used, or if the `Field()` function was attached to a single member of a union type.
  warnings.warn(
D:\Eronmonsele\Documents\SoundMinds\product-app\services\ingestion\.venv\Lib\site-packages\pydantic\_internal\_generate_schema.py:2274: UnsupportedFieldAttributeWarning: The 'alias' attribute with value 'mediaType' was provided to the `Field()` function, which has no effect in the context it was used. 'alias' is field-specific metadata, and can only be attached to a model field using `Annotated` metadata or by assignment. This may have happened because an `Annotated` type alias using the `type` statement was used, or if the `Field()` function was attached to a single member of a union type.
  warnings.warn(
D:\Eronmonsele\Documents\SoundMinds\product-app\services\ingestion\.venv\Lib\site-packages\pydantic\_internal\_generate_schema.py:2274: UnsupportedFieldAttributeWarning: The 'validation_alias' attribute with value 'mediaType' was provided to the `Field()` function, which has no effect in the context it was used. 'validation_alias' is field-specific metadata, and can only be attached to a model field using `Annotated` metadata or by assignment. This may have happened because an `Annotated` type alias using the `type` statement was used, or if the `Field()` function was attached to a single member of a union type.
  warnings.warn(
D:\Eronmonsele\Documents\SoundMinds\product-app\services\ingestion\.venv\Lib\site-packages\pydantic\_internal\_generate_schema.py:2274: UnsupportedFieldAttributeWarning: The 'serialization_alias' attribute with value 'mediaType' was provided to the `Field()` function, which has no effect in the context it was used. 'serialization_alias' is field-specific metadata, and can only be attached to a model field using `Annotated` metadata or by assignment. This may have happened because an `Annotated` type alias using the `type` statement was used, or if the `Field()` function was attached to a single member of a union type.
  warnings.warn(
D:\Eronmonsele\Documents\SoundMinds\product-app\services\ingestion\.venv\Lib\site-packages\pydantic\_internal\_generate_schema.py:2274: UnsupportedFieldAttributeWarning: The 'alias' attribute with value 'parserVersion' was provided to the `Field()` function, which has no effect in the context it was used. 'alias' is field-specific metadata, and can only be attached to a model field using `Annotated` metadata or by assignment. This may have happened because an `Annotated` type alias using the `type` statement was used, or if the `Field()` function was attached to a single member of a union type.
  warnings.warn(
D:\Eronmonsele\Documents\SoundMinds\product-app\services\ingestion\.venv\Lib\site-packages\pydantic\_internal\_generate_schema.py:2274: UnsupportedFieldAttributeWarning: The 'validation_alias' attribute with value 'parserVersion' was provided to the `Field()` function, which has no effect in the context it was used. 'validation_alias' is field-specific metadata, and can only be attached to a model field using `Annotated` metadata or by assignment. This may have happened because an `Annotated` type alias using the `type` statement was used, or if the `Field()` function was attached to a single member of a union type.
  warnings.warn(
D:\Eronmonsele\Documents\SoundMinds\product-app\services\ingestion\.venv\Lib\site-packages\pydantic\_internal\_generate_schema.py:2274: UnsupportedFieldAttributeWarning: The 'serialization_alias' attribute with value 'parserVersion' was provided to the `Field()` function, which has no effect in the context it was used. 'serialization_alias' is field-specific metadata, and can only be attached to a model field using `Annotated` metadata or by assignment. This may have happened because an `Annotated` type alias using the `type` statement was used, or if the `Field()` function was attached to a single member of a union type.
  warnings.warn(
D:\Eronmonsele\Documents\SoundMinds\product-app\services\ingestion\.venv\Lib\site-packages\pydantic\_internal\_generate_schema.py:2274: UnsupportedFieldAttributeWarning: The 'alias' attribute with value 'correlationId' was provided to the `Field()` function, which has no effect in the context it was used. 'alias' is field-specific metadata, and can only be attached to a model field using `Annotated` metadata or by assignment. This may have happened because an `Annotated` type alias using the `type` statement was used, or if the `Field()` function was attached to a single member of a union type.
  warnings.warn(
D:\Eronmonsele\Documents\SoundMinds\product-app\services\ingestion\.venv\Lib\site-packages\pydantic\_internal\_generate_schema.py:2274: UnsupportedFieldAttributeWarning: The 'validation_alias' attribute with value 'correlationId' was provided to the `Field()` function, which has no effect in the context it was used. 'validation_alias' is field-specific metadata, and can only be attached to a model field using `Annotated` metadata or by assignment. This may have happened because an `Annotated` type alias using the `type` statement was used, or if the `Field()` function was attached to a single member of a union type.
  warnings.warn(
D:\Eronmonsele\Documents\SoundMinds\product-app\services\ingestion\.venv\Lib\site-packages\pydantic\_internal\_generate_schema.py:2274: UnsupportedFieldAttributeWarning: The 'serialization_alias' attribute with value 'correlationId' was provided to the `Field()` function, which has no effect in the context it was used. 'serialization_alias' is field-specific metadata, and can only be attached to a model field using `Annotated` metadata or by assignment. This may have happened because an `Annotated` type alias using the `type` statement was used, or if the `Field()` function was attached to a single member of a union type.
  warnings.warn(
INFO:     127.0.0.1:59416 - "POST /v1/ingestion-jobs HTTP/1.1" 422 Unprocessable Content
INFO:     127.0.0.1:59417 - "POST /v1/ingestion-jobs HTTP/1.1" 422 Unprocessable Content
INFO:     127.0.0.1:51347 - "POST /v1/ingestion-jobs HTTP/1.1" 401 Unauthorized
[download_source FAILED] URLError
[ingest FAILED] code=TEMPORARY_INFRASTRUCTURE classification=retryable
INFO:     127.0.0.1:51348 - "POST /v1/ingestion-jobs HTTP/1.1" 422 Unprocessable Content
Loading weights:   0%|          | 0/770 [00:00<?, ?it/s]Loading weights:  26%|##6       | 202/770 [00:00<00:00, 1980.81it/s]Loading weights:  52%|#####2    | 401/770 [00:00<00:00, 1161.40it/s]Loading weights:  70%|######9   | 536/770 [00:00<00:00, 1187.51it/s]Loading weights:  86%|########6 | 666/770 [00:00<00:00, 1206.85it/s]Loading weights: 100%|##########| 770/770 [00:00<00:00, 1324.74it/s]
