
> @avlp/pipeline-worker@0.0.0 dev C:\Users\eoaikhina\Documents\repos\product-app\apps\pipeline-worker
> tsx watch --env-file=../../.env src/main.ts

{"timestamp":"2026-09-14T22:03:17.112Z","level":"info","event":"worker.started","fields":{"status":"ok","service":"pipeline-worker"}}
{"timestamp":"2026-09-14T22:08:37.775Z","level":"info","event":"job.started","fields":{"jobId":"01a0a1f7-0c5b-744a-b715-d1ab7428c05d","jobType":"storyboard.generate","projectId":"01a09d3a-816f-784c-aa79-d34f36fbcab8","correlationId":"01a0a1f7-0bc6-727d-b940-26dc7b42b134","attempt":1,"service":"pipeline-worker"}}
{"timestamp":"2026-09-14T22:14:33.622Z","level":"info","event":"job.completed","fields":{"jobId":"01a0a1f7-0c5b-744a-b715-d1ab7428c05d","jobType":"storyboard.generate","projectId":"01a09d3a-816f-784c-aa79-d34f36fbcab8","correlationId":"01a0a1f7-0bc6-727d-b940-26dc7b42b134","attempt":1,"status":"succeeded","errorClassification":"none","durationMs":355847,"service":"pipeline-worker"}}
{"timestamp":"2026-09-14T22:17:33.021Z","level":"info","event":"queue.job_dispatched","fields":{"outboxEventId":"01a0a1ff-36fc-7e38-a9cc-6f00061fe4a1","jobId":"01a0a1ff-36fc-774f-a226-2800b0e91069","projectId":"01a09d3a-816f-784c-aa79-d34f36fbcab8","correlationId":"01a0a1ff-36ea-714c-b429-ae63eacba8c6","queueName":"pipeline","service":"pipeline-worker"}}
{"timestamp":"2026-09-14T22:18:11.388Z","level":"info","event":"job.started","fields":{"jobId":"01a0a1ff-cc0f-718e-a77d-9ac340b24629","jobType":"tts.generate","projectId":"01a09d3a-816f-784c-aa79-d34f36fbcab8","correlationId":"01a0a1ff-cb4c-771c-903a-ac44f410e25a","attempt":1,"service":"pipeline-worker"}}
{"timestamp":"2026-09-14T22:18:20.548Z","level":"info","event":"job.completed","fields":{"jobId":"01a0a1ff-cc0f-718e-a77d-9ac340b24629","jobType":"tts.generate","projectId":"01a09d3a-816f-784c-aa79-d34f36fbcab8","correlationId":"01a0a1ff-cb4c-771c-903a-ac44f410e25a","attempt":1,"status":"succeeded","errorClassification":"none","durationMs":9161,"service":"pipeline-worker"}}
{"timestamp":"2026-09-14T22:18:20.558Z","level":"info","event":"job.started","fields":{"jobId":"01a0a1ff-cd2d-7732-9e25-53e95a7a96f4","jobType":"tts.generate","projectId":"01a09d3a-816f-784c-aa79-d34f36fbcab8","correlationId":"01a0a1ff-cb4c-771c-903a-ac44f410e25a","attempt":1,"service":"pipeline-worker"}}
{"timestamp":"2026-09-14T22:18:30.543Z","level":"warn","event":"tts.caption_alignment_estimated","fields":{"jobId":"01a0a1ff-cd2d-7732-9e25-53e95a7a96f4","provider":"together","model":"nvidia/parakeet-tdt-0.6b-v3","failureCode":"PROVIDER_ALIGNMENT_MISMATCH","service":"pipeline-worker","correlationId":"01a0a1ff-cb4c-771c-903a-ac44f410e25a"}}
{"timestamp":"2026-09-14T22:18:30.782Z","level":"info","event":"job.completed","fields":{"jobId":"01a0a1ff-cd2d-7732-9e25-53e95a7a96f4","jobType":"tts.generate","projectId":"01a09d3a-816f-784c-aa79-d34f36fbcab8","correlationId":"01a0a1ff-cb4c-771c-903a-ac44f410e25a","attempt":1,"status":"succeeded","errorClassification":"none","durationMs":10223,"service":"pipeline-worker"}}
{"timestamp":"2026-09-14T22:45:03.857Z","level":"info","event":"queue.job_dispatched","fields":{"outboxEventId":"01a0a218-6727-74e8-b5d9-f1975fdc50be","jobId":"01a0a218-6727-7b94-b5e4-536e17ea632c","projectId":"01a09d3a-816f-784c-aa79-d34f36fbcab8","correlationId":"01a0a218-671b-7aad-8d40-9e0a224ce68f","queueName":"pipeline","service":"pipeline-worker"}}
{"timestamp":"2026-09-14T22:45:03.861Z","level":"info","event":"job.started","fields":{"jobId":"01a0a218-6727-7b94-b5e4-536e17ea632c","jobType":"illustration.generate","projectId":"01a09d3a-816f-784c-aa79-d34f36fbcab8","correlationId":"01a0a218-671b-7aad-8d40-9e0a224ce68f","attempt":1,"service":"pipeline-worker"}}
{"timestamp":"2026-09-14T22:45:15.560Z","level":"info","event":"job.completed","fields":{"jobId":"01a0a218-6727-7b94-b5e4-536e17ea632c","jobType":"illustration.generate","projectId":"01a09d3a-816f-784c-aa79-d34f36fbcab8","correlationId":"01a0a218-671b-7aad-8d40-9e0a224ce68f","attempt":1,"status":"succeeded","errorClassification":"none","durationMs":11698,"service":"pipeline-worker"}}
{"timestamp":"2026-09-14T22:48:27.182Z","level":"info","event":"job.started","fields":{"jobId":"01a0a21b-823e-7de5-93b2-103fe0ab1459","jobType":"illustration.generate","projectId":"01a09d3a-816f-784c-aa79-d34f36fbcab8","correlationId":"01a0a2112:40:19 AM [tsx] change in ./..\..\packages\design-system\dist\index.js Restarting...
{"timestamp":"2026-09-14T23:40:40.394Z","level":"info","event":"worker.started","fields":{"status":"ok","service":"pipeline-worker"}}
12:40:47 AM [tsx] change in ./..\..\packages\scene-library\dist\full-lesson.js Restarting...
12:40:49 AM [tsx] change in ./..\..\packages\scene-library\dist\full-lesson.fixture.js Restarting...
12:40:49 AM [tsx] change in ./..\..\packages\scene-library\dist\process-scene.fixtures.js Restarting...
12:40:49 AM [tsx] change in ./..\..\packages\scene-library\dist\scene-preview.js Restarting...
12:40:50 AM [tsx] change in ./..\..\packages\scene-library\dist\index.js Restarting...
{"timestamp":"2026-09-14T23:41:14.900Z","level":"info","event":"worker.started","fields":{"status":"ok","service":"pipeline-worker"}}
nt":"job.completed","fields":{"jobId":"01a0a232-1d4a-7931-bc3e-f43ef7775907","jobType":"illustration.generate","projectId":"01a09d3a-816f-784c-aa79-d34f36fbcab8","correlationId":"01a0a232-1d32-750e-bc51-dfd681e97978","attempt":1,"status":"succeeded","errorClassification":"none","durationMs":10836,"service":"pipeline-worker"}}
{"timestamp":"2026-09-14T23:14:02.473Z","level":"info","event":"queue.job_dispatched","fields":{"outboxEventId":"01a0a232-eeec-732c-b65d-01126af31f1c","jobId":"01a0a232-eeec-7a8c-954e-3d473bb7df13","projectId":"01a09d3a-816f-784c-aa79-d34f36fbcab8","correlationId":"01a0a232-eee2-7520-8a79-e7e8ebabdd03","queueName":"pipeline","service":"pipeline-worker"}}
{"timestamp":"2026-09-14T23:14:59.931Z","level":"info","event":"job.started","fields":{"jobId":"01a0a233-d010-758e-a29f-ca24d7b02149","jobType":"illustration.generate","projectId":"01a09d3a-816f-784c-aa79-d34f36fbcab8","correlationId":"01a0a233-d003-7efc-9084-afa3b1dca82f","attempt":1,"service":"pipeline-worker"}}
{"timestamp":"2026-09-14T23:15:09.938Z","level":"info","event":"job.completed","fields":{"jobId":"01a0a233-d010-758e-a29f-ca24d7b02149","jobType":"illustration.generate","projectId":"01a09d3a-816f-784c-aa79-d34f36fbcab8","correlationId":"01a0a233-d003-7efc-9084-afa3b1dca82f","attempt":1,"status":"succeeded","errorClassification":"none","durationMs":10008,"service":"pipeline-worker"}}
{"timestamp":"2026-09-14T23:18:40.698Z","level":"info","event":"job.started","fields":{"jobId":"01a0a237-2e47-7005-a048-c767242f2b1a","jobType":"illustration.generate","projectId":"01a09d3a-816f-784c-aa79-d34f36fbcab8","correlationId":"01a0a237-2e33-751a-861f-29c709fda7d0","attempt":1,"service":"pipeline-worker"}}
{"timestamp":"2026-09-14T23:18:53.052Z","level":"info","event":"job.completed","fields":{"jobId":"01a0a237-2e47-7005-a048-c767242f2b1a","jobType":"illustration.generate","projectId":"01a09d3a-816f-784c-aa79-d34f36fbcab8","correlationId":"01a0a237-2e33-751a-861f-29c709fda7d0","attempt":1,"status":"succeeded","errorClassification":"none","durationMs":12363,"service":"pipeline-worker"}}
12:40:20 AM [tsx] change in ./..\..\packages\design-system\dist\video-preview-composition.js Restarting...
{"timestamp":"2026-09-14T23:40:39.096Z","level":"info","event":"worker.started","fields":{"status":"ok","service":"pipeline-worker"}}
12:40:47 AM [tsx] change in ./..\..\packages\scene-library\dist\full-lesson.js Restarting...
12:40:48 AM [tsx] change in ./..\..\packages\scene-library\dist\full-lesson.fixture.js Restarting...
12:40:49 AM [tsx] change in ./..\..\packages\scene-library\dist\scene-preview-composition.js Restarting...
12:40:49 AM [tsx] change in ./..\..\packages\scene-library\dist\process-scene.fixtures.js Restarting...
12:40:49 AM [tsx] change in ./..\..\packages\scene-library\dist\scene-preview.js Restarting...
12:40:50 AM [tsx] change in ./..\..\packages\scene-library\dist\worked-example-scene.fixtures.js Restarting...
12:40:50 AM [tsx] change in ./..\..\packages\scene-library\dist\index.js Restarting...
{"timestamp":"2026-09-14T23:41:14.944Z","level":"info","event":"worker.started","fields":{"status":"ok","service":"pipeline-worker"}}
"level":"info","event":"job.completed","fields":{"jobId":"01a0a238-303a-7b93-ae73-674b4debceff","jobType":"illustration.generate","projectId":"01a09d3a-816f-784c-aa79-d34f36fbcab8","correlationId":"01a0a238-3021-7251-8e34-33d6752ee19c","attempt":1,"status":"succeeded","errorClassification":"none","durationMs":9285,"service":"pipeline-worker"}}
12:40:19 AM [tsx] change in ./..\..\packages\design-system\dist\index.js Restarting...
{"timestamp":"2026-09-14T23:40:40.826Z","level":"info","event":"worker.started","fields":{"status":"ok","service":"pipeline-worker"}}
12:40:47 AM [tsx] change in ./..\..\packages\scene-library\dist\full-lesson.js Restarting...
12:40:48 AM [tsx] change in ./..\..\packages\scene-library\dist\full-lesson.fixture.js Restarting...
12:40:49 AM [tsx] change in ./..\..\packages\scene-library\dist\scene-preview-composition.js Restarting...
12:40:49 AM [tsx] change in ./..\..\packages\scene-library\dist\process-scene.fixtures.js Restarting...
12:40:49 AM [tsx] change in ./..\..\packages\scene-library\dist\scene-preview.js Restarting...
12:40:50 AM [tsx] change in ./..\..\packages\scene-library\dist\index.js Restarting...
{"timestamp":"2026-09-14T23:41:15.000Z","level":"info","event":"worker.started","fields":{"status":"ok","service":"pipeline-worker"}}
89-8cc377afcc1c","jobId":"01a0a218-8cbe-7ffd-b4a9-8d9a244b22e9","projectId":"01a09d3a-816f-784c-aa79-d34f36fbcab8","correlationId":"01a0a218-8cb2-72e0-b69f-21cdc2a79675","queueName":"pipeline","service":"pipeline-worker"}}
{"timestamp":"2026-09-14T22:45:13.482Z","level":"info","event":"job.started","fields":{"jobId":"01a0a218-8cbe-7ffd-b4a9-8d9a244b22e9","jobType":"illustration.generate","projectId":"01a09d3a-816f-784c-aa79-d34f36fbcab8","correlationId":"01a0a218-8cb2-72e0-b69f-21cdc2a79675","attempt":1,"service":"pipeline-worker"}}
{"timestamp":"{"timestamp":"2026-09-14T22:56:41.823Z","level":"info","event":"job.started","fields":{"jobId":"01a0a223-0dc8-7118-9960-582bfc8a3ab2","jobType":"illustration.generate","projectId":"01a09d3a-816f-784c-aa79-d34f36fbcab8","correlationId":"01a0a223-0da3-78fd-a944-d98ba30883f1","attempt":1,"service":"pipeline-worker"}}
{"timestamp":"2026-09-14T22:56:51.668Z","level":"info","event":"job.completed","fields":{"jobId":"01a0a223-0dc8-7118-9960-582bfc8a3ab2","jobType":"illustration.generate","projectId":"01a09d3a-816f-784c-aa79-d34f36fbcab8","correlationId":"01a0a223-0da3-78fd-a944-d98ba30883f1","attempt":1,"status":"succeeded","errorClassification":"none","durationMs":9845,"service":"pipeline-worker"}}
11:59:45 PM [tsx] change in{"timestamp":"2026-09-14T23:12:56.349Z","level":"info","event":"job.started","fields":{"jobId":"01a0a231-ec88-745a-bf5c-075286c71e7b","jobType":"illustration.generate","projectId":"01a09d3a-816f-784c-aa79-d34f36fbc{"timestamp":"2026-09-14T23:14:02.491Z","level":"info","event":"job.started","fields":{"jobId":"01a0a232-eeec-7a8c-954e-3d473bb7df13","jobType":"illustration.generate","projectId":"01a09d3a-816f-784c-aa79-d34f36fbcab8","correlationId":"01a0a232-eee2-7520-8a79-e7e8ebabdd03","attempt":1,"service":"pipeline-worker"}}
{"timestamp":"2026-09-14T23:14:14.354Z","level":"info","event":"job.completed","fields":{"jobId":"01a0a232-eeec-7a8c-954e-3d473bb7df13","jobType":"illustration.generate","projectId":"01a09d3a-816f-784c-aa79-d34f36fbcab8","correlationId":"01a0a232-eee2-7520-8a79-e7e8ebabdd03","attempt":1,"status":"succeeded","errorClassification":"none","durationMs":11863,"service":"pipeline-worker"}}
{"timestamp":"2026-09-14T23:14:25.264Z","level":"info","event":"queue.job_dispatched","fields":{"outboxEventId":"01a0a233-4880-71e0-b8d6-317947a86d7f","jobId":"01a0a233-4880-7c3b-bab6-942cf881f40d","projectId":"01a09d3a-816f-784c-aa79-d34f36fbcab8","correlationId":"01a0a233-4871-7a6a-8748-dc215686aca2","queueName":"pipeline","service":"pipeline-worker"}}
{"timestamp":"2026-09-14T23:14:34.512Z","level":"info","event":"job.started","fields":{"jobId":"01a0a233-6d04-7313-b1ff-2748a4eaf398","jobType":"illustration.generate","projectId":"01a09d3a-816f-784c-aa79-d34f36fbcab8","correlationId":"01a0a233-6cf2-77de-a94b-a64dc20761ea","attempt":1,"service":"pipeline-worker"}}
{"timestamp":"2026-09-14T23:14:43.878Z","level":"info","event":"job.completed","fields":{"jobId":"01a0a233-6d04-7313-b1ff-2748a4eaf398","jobType":"illustration.generate","projectId":"01a09d3a-816f-784c-aa79-d34f36fbcab8","correlationId":"01a0a233-6cf2-77de-a94b-a64dc20761ea","attempt":1,"status":"succeeded","errorClassification":"none","durationMs":9366,"service":"pipeline-worker"}}
{"timestamp":"2026-09-14T23:14:59.929Z","level":"info","event":"queue.job_dispatched","fields":{"outboxEventId":"01a0a233-d010-79bd-a853-e6707706fec5","jobId":"01a0a233-d010-758e-a29f-ca24d7b02149","projectId":"01a09d3a-816f-784c-aa79-d34f36fbcab8","correlationId":"01a0a233-d003-7efc-9084-afa3b1dca82f","queueName":"pipeline","service":"pipeline-worker"}}
{"timestamp":"2026-09-14T23:18:40.645Z","level":"info","event":"queue.job_dispatched","fields":{"outboxEventId":"01a0a237-2e47-7f07-8f63-9eac02f9003c","jobId":"01a0a237-2e47-7005-a048-c767242f2b1a","projectId":"01a09d3a-816f-784c-aa79-d34f36fbcab8","correlationId":"01a0a237-2e33-751a-861f-29c709fda7d0","queueName":"pipeline","service":"pipeline-worker"}}
{"timestamp":"2026-09-14T23:19:46.828Z","level":"info","event":"queue.job_dispatched","fields":{"outboxEventId":"01a0a238-303a-7a24-9b84-d34479be8a37","jobId":"01a0a238-303a-7b93-ae73-674b4debceff","projectId":"01a09d3a-816f-784c-aa79-d34f36fbcab8","correlationId":"01a0a238-3021-7251-8e34-33d6752ee19c","queueName":"pipeline","serv12:40:19 AM [tsx] change 12:40:19 AM [tsx] change in ./..\..\packages\design-system\dis{"timestamp":"2026-09-14T23:40:39.681Z","level":"info","event":"worker.started","fields":{"status":"ok","service":"pipeline-worker"}}
12:40:47 AM [tsx] change 12:40:47 AM [tsx] change in ./..\..\packages\scene-library\dist\full12:40:48 AM [tsx] change in ./..\..\packages\scene-library\dist\full-lesson.fixture.js Restarting...
12:40:49 AM [tsx] change in ./..\..\packages\scene-library\dist\process-scene.fixtures.js Restarting...
12:40:49 AM [tsx] change in ./..\..\packages\scene-library\dist\scene-preview.js Restarting...
12:40:50 AM [tsx] change in ./..\..\packages\scene-library\dist\index.js Restarting...
{"timestamp":"2026-09-14T23:41:14.830Z","level":"info","event":"worker.started","fields":{"status":"ok","service":"pipeline-worker"}}
timestamp":"2026-09-14T23:41:14.819Z","level":"info","event":"worker.started","fields":{"status":"ok","service":"pipeline-worker"}}
