
> @avlp/pipeline-worker@0.0.0 dev C:\Users\eoaikhina\Documents\repos\product-app\apps\pipeline-worker
> tsx watch --env-file=../../.env src/main.ts

{"timestamp":"2026-09-07T21:33:20.114Z","level":"info","event":"worker.started","fields":{"status":"ok","service":"pipeline-worker"}}
10:33:41 PM [tsx] change in ./src\together-tts.ts Restarting...
{"timestamp":"2026-09-07T21:33:47.272Z","level":"info","event":"worker.started","fields":{"status":"ok","service":"pipeline-worker"}}
{"timestamp":"2026-09-07T21:58:45.523Z","level":"info","event":"queue.job_dispatched","fields":{"outboxEventId":"01a07de1-7dde-7ebf-a665-7391730b58b8","jobId":"01a07de1-7dde-7e18-8473-1f4bffab5868","projectId":"01a07b78-83ee-76fd-92e8-fac9b0e0ec85","correlationId":"01a07de1-7dc6-7a33-9f31-f02c4f84b4ac","queueName":"pipeline","service":"pipeline-worker"}}
{"timestamp":"2026-09-07T21:58:45.539Z","level":"info","event":"job.started","fields":{"jobId":"01a07de1-7dde-7e18-8473-1f4bffab5868","jobType":"tts.generate","projectId":"01a07b78-83ee-76fd-92e8-fac9b0e0ec85","correlationId":"01a07de1-7dc6-7a33-9f31-f02c4f84b4ac","attempt":1,"service":"pipeline-worker"}}
{"timestamp":"2026-09-07T21:58:59.619Z","level":"info","event":"job.completed","fields":{"jobId":"01a07de1-7dde-7e18-8473-1f4bffab5868","jobType":"tts.generate","projectId":"01a07b78-83ee-76fd-92e8-fac9b0e0ec85","correlationId":"01a07de1-7dc6-7a33-9f31-f02c4f84b4ac","attempt":1,"status":"retry_wait","errorClassification":"retryable","durationMs":14081,"service":"pipeline-worker"}}
{"timestamp":"2026-09-07T21:59:04.744Z","level":"info","event":"job.started","fields":{"jobId":"01a07de1-7dde-7e18-8473-1f4bffab5868","jobType":"tts.generate","projectId":"01a07b78-83ee-76fd-92e8-fac9b0e0ec85","correlationId":"01a07de1-7dc6-7a33-9f31-f02c4f84b4ac","attempt":2,"service":"pipeline-worker"}}
{"timestamp":"2026-09-07T21:59:15.387Z","level":"info","event":"job.completed","fields":{"jobId":"01a07de1-7dde-7e18-8473-1f4bffab5868","jobType":"tts.generate","projectId":"01a07b78-83ee-76fd-92e8-fac9b0e0ec85","correlationId":"01a07de1-7dc6-7a33-9f31-f02c4f84b4ac","attempt":2,"status":"retry_wait","errorClassification":"retryable","durationMs":10643,"service":"pipeline-worker"}}
{"timestamp":"2026-09-07T21:59:20.427Z","level":"info","event":"job.started","fields":{"jobId":"01a07de1-7dde-7e18-8473-1f4bffab5868","jobType":"tts.generate","projectId":"01a07b78-83ee-76fd-92e8-fac9b0e0ec85","correlationId":"01a07de1-7dc6-7a33-9f31-f02c4f84b4ac","attempt":3,"service":"pipeline-worker"}}
{"timestamp":"2026-09-07T22:00:14.396Z","level":"info","event":"job.completed","fields":{"jobId":"01a07de1-7dde-7e18-8473-1f4bffab5868","jobType":"tts.generate","projectId":"01a07b78-83ee-76fd-92e8-fac9b0e0ec85","correlationId":"01a07de1-7dc6-7a33-9f31-f02c4f84b4ac","attempt":3,"status":"failed","errorClassification":"retryable","durationMs":53970,"service":"pipeline-worker"}}
11:03:13 PM [tsx] change in ./src\runtime.ts Restarting...
{"timestamp":"2026-09-07T22:03:21.396Z","level":"info","event":"worker.started","fields":{"status":"ok","service":"pipeline-worker"}}
11:03:29 PM [tsx] change in ./src\together-tts.ts Restarting...
{"timestamp":"2026-09-07T22:03:34.684Z","level":"info","event":"worker.started","fields":{"status":"ok","service":"pipeline-worker"}}
11:03:42 PM [tsx] change in ./..\..\packages\config\dist\index.js Restarting...
11:03:55 PM [tsx] change in ./..\..\packages\storage\dist\contracts.js Restarting...
11:03:55 PM [tsx] change in ./..\..\packages\storage\dist\keys.js Restarting...
11:03:55 PM [tsx] change in ./..\..\packages\storage\dist\authorized-project-storage.js Restarting...
11:03:55 PM [tsx] change in ./..\..\packages\storage\dist\index.js Restarting...
11:04:16 PM [tsx] change in ./..\..\packages\schemas\dist\index.js Restarting...
11:04:58 PM [tsx] change in ./..\..\packages\provider-adapters\dist\contracts.js Restarting...
11:05:00 PM [tsx] change in ./..\..\packages\provider-adapters\dist\mock-provider.js Process hasn't exited. Killing process...
11:05:00 PM [tsx] change in ./..\..\packages\provider-adapters\dist\structured-output.js Restarting...
11:05:01 PM [tsx] change in ./..\..\packages\provider-adapters\dist\dynamic-mock-provider.js Restarting...
11:05:01 PM [tsx] change in ./..\..\packages\provider-adapters\dist\job-envelope.js Restarting...
11:05:02 PM [tsx] change in ./..\..\packages\provider-adapters\dist\quota.js Restarting...
11:05:02 PM [tsx] change in ./..\..\packages\provider-adapters\dist\together-provider.js Restarting...
{"timestamp":"2026-09-07T22:05:23.436Z","level":"info","event":"worker.started","fields":{"status":"ok","service":"pipeline-worker"}}
11:05:32 PM [tsx] change in ./..\..\packages\config\dist\identifiers.js Restarting...
11:05:33 PM [tsx] change in ./..\..\packages\config\dist\index.js Restarting...
C:\Users\eoaikhina\Documents\repos\product-app\apps\pipeline-worker:
 ERR_PNPM_RECURSIVE_RUN_FIRST_FAIL  @avlp/pipeline-worker@0.0.0 dev: `tsx watch --env-file=../../.env src/main.ts`
Exit status 4294967295
