
> @avlp/pipeline-worker@0.0.0 dev D:\Eronmonsele\Documents\SoundMinds\product-app\apps\pipeline-worker
> tsx watch --env-file=../../.env src/main.ts

{"timestamp":"2026-09-22T15:48:52.376Z","level":"info","event":"worker.started","fields":{"status":"ok","service":"pipeline-worker"}}
4:54:22 PM [tsx] change in ./..\..\packages\config\dist\index.js Restarting...
4:54:40 PM [tsx] change in ./..\..\packages\schemas\dist\creative-design.js Restarting...
4:54:41 PM [tsx] change in ./..\..\packages\schemas\dist\index.js Restarting...
4:54:46 PM [tsx] change in ./..\..\packages\schemas\dist\demonstration-proof.js Restarting...
4:55:03 PM [tsx] change in ./..\..\packages\database\dist\schema.js Restarting...
4:55:05 PM [tsx] change in ./..\..\packages\database\dist\index.js Restarting...
{"timestamp":"2026-09-22T16:04:52.421Z","level":"info","event":"worker.started","fields":{"status":"ok","service":"pipeline-worker"}}
6:05:17 PM [tsx] change in ./..\..\packages\config\dist\crypto.js Restarting...
6:05:25 PM [tsx] change in ./..\..\packages\schemas\dist\creative-design.js Restarting...
6:05:25 PM [tsx] change in ./..\..\packages\schemas\dist\index.js Restarting...
6:05:28 PM [tsx] change in ./..\..\packages\schemas\dist\demonstration-proof.js Restarting...
6:05:48 PM [tsx] change in ./..\..\packages\provider-adapters\dist\contracts.js Restarting...
6:05:49 PM [tsx] change in ./..\..\packages\provider-adapters\dist\mock-provider.js Restarting...
6:05:50 PM [tsx] change in ./..\..\packages\provider-adapters\dist\structured-output.js Restarting...
6:05:51 PM [tsx] change in ./..\..\packages\provider-adapters\dist\cost.js Process hasn't exited. Killing process...
6:05:51 PM [tsx] change in ./..\..\packages\provider-adapters\dist\dynamic-mock-provider.js Restarting...
6:05:52 PM [tsx] change in ./..\..\packages\provider-adapters\dist\job-envelope.js Restarting...
6:05:53 PM [tsx] change in ./..\..\packages\provider-adapters\dist\prompts.js Restarting...
6:05:53 PM [tsx] change in ./..\..\packages\provider-adapters\dist\prompts\outline\v2.js Restarting...
6:05:54 PM [tsx] change in ./..\..\packages\provider-adapters\dist\quota.js Restarting...
6:05:54 PM [tsx] change in ./..\..\packages\provider-adapters\dist\index.js Process hasn't exited. Killing process...
6:06:19 PM [tsx] change in ./..\..\packages\database\dist\concurrency.js Restarting...
6:06:19 PM [tsx] change in ./..\..\packages\database\dist\schema.js Restarting...
6:06:21 PM [tsx] change in ./..\..\packages\database\dist\index.js Restarting...
6:06:30 PM [tsx] change in ./..\..\packages\storage\dist\keys.js Restarting...
6:06:30 PM [tsx] change in ./..\..\packages\storage\dist\authorized-project-storage.js Process hasn't exited. Killing process...
6:06:30 PM [tsx] change in ./..\..\packages\storage\dist\index.js Restarting...
6:06:53 PM [tsx] change in ./..\..\packages\scene-library\dist\process-scene.js Restarting...
6:06:54 PM [tsx] change in ./..\..\packages\scene-library\dist\hook-scene.fixtures.js Restarting...
6:06:54 PM [tsx] change in ./..\..\packages\scene-library\dist\full-lesson.js Restarting...
6:06:55 PM [tsx] change in ./..\..\packages\scene-library\dist\full-lesson.fixture.js Restarting...
6:06:55 PM [tsx] change in ./..\..\packages\scene-library\dist\demonstration-proof\geometry.js Restarting...
6:06:55 PM [tsx] change in ./..\..\packages\scene-library\dist\demonstration-proof\registry.js Restarting...
6:06:55 PM [tsx] change in ./..\..\packages\scene-library\dist\demonstration-proof\state.js Restarting...
6:06:56 PM [tsx] change in ./..\..\packages\scene-library\dist\demonstration-proof\validation.js Restarting...
6:06:56 PM [tsx] change in ./..\..\packages\scene-library\dist\scene-preview-composition.js Restarting...
6:06:57 PM [tsx] change in ./..\..\packages\scene-library\dist\scene-preview.js Restarting...
6:06:57 PM [tsx] change in ./..\..\packages\scene-library\dist\index.js Restarting...
6:07:10 PM [tsx] change in ./..\..\packages\observability\dist\contracts.js Restarting...
6:07:10 PM [tsx] change in ./..\..\packages\observability\dist\repository.js Restarting...
6:07:10 PM [tsx] change in ./..\..\packages\observability\dist\index.js Restarting...
6:07:21 PM [tsx] change in ./..\..\packages\jobs\dist\index.js Restarting...
{"timestamp":"2026-09-22T17:08:19.030Z","level":"info","event":"worker.started","fields":{"status":"ok","service":"pipeline-worker"}}
D:\Eronmonsele\Documents\SoundMinds\product-app\apps\pipeline-worker:
 ERR_PNPM_RECURSIVE_RUN_FIRST_FAIL  @avlp/pipeline-worker@0.0.0 dev: `tsx watch --env-file=../../.env src/main.ts`
Exit status 4294967295
