{"timestamp":"2026-09-07T23:04:56.699Z","level":"info","event":"worker.started","fields":{"status":"ok","service":"pipeline-worker"}}
{"timestamp":"2026-09-07T23:04:56.929Z","level":"info","event":"queue.job_dispatched","fields":{"outboxEventId":"01a07e1e-0c77-7e9f-98bc-c312a328f71c","jobId":"01a07e1e-0c77-7f64-9428-8feea5ba88c0","projectId":"01a07b78-83ee-76fd-92e8-fac9b0e0ec85","correlationId":"01a07e1e-0c74-7461-ba6f-cbb925bda565","queueName":"pipeline","service":"pipeline-worker"}}
{"timestamp":"2026-09-07T23:04:56.935Z","level":"info","event":"job.started","fields":{"jobId":"01a07e1e-0c77-7f64-9428-8feea5ba88c0","jobType":"tts.generate","projectId":"01a07b78-83ee-76fd-92e8-fac9b0e0ec85","correlationId":"01a07e1e-0c74-7461-ba6f-cbb925bda565","attempt":1,"service":"pipeline-worker"}}
{"timestamp":"2026-09-07T23:05:04.196Z","level":"info","event":"job.completed","fields":{"jobId":"01a07e1e-0c77-7f64-9428-8feea5ba88c0","jobType":"tts.generate","projectId":"01a07b78-83ee-76fd-92e8-fac9b0e0ec85","correlationId":"01a07e1e-0c74-7461-ba6f-cbb925bda565","attempt":1,"status":"succeeded","errorClassification":"none","durationMs":7262,"service":"pipeline-worker"}}
{"timestamp":"2026-09-08T00:08:33.153Z","level":"info","event":"queue.job_dispatched","fields":{"outboxEventId":"01a07e58-521b-7428-82f2-3817ed5c70fc","jobId":"01a07e58-521b-7425-ae98-a4ee3ed6784e","projectId":"01a07b78-83ee-76fd-92e8-fac9b0e0ec85","correlationId":"01a07e58-520c-7803-9628-9ac2fef38722","queueName":"pipeline","service":"pipeline-worker"}}
{"timestamp":"2026-09-08T00:08:33.244Z","level":"info","event":"job.started","fields":{"jobId":"01a07e58-521b-7425-ae98-a4ee3ed6784e","jobType":"tts.generate","projectId":"01a07b78-83ee-76fd-92e8-fac9b0e0ec85","correlationId":"01a07e58-520c-7803-9628-9ac2fef38722","attempt":1,"service":"pipeline-worker"}}
{"timestamp":"2026-09-08T00:08:44.662Z","level":"warn","event":"tts.provider_request_failed","fields":{"jobId":"01a07e58-521b-7425-ae98-a4ee3ed6784e","phase":"forced_alignment","provider":"together","model":"nvidia/parakeet-tdt-0.6b-v3","failureCode":"PROVIDER_INVALID_ALIGNMENT","retryable":false,"providerStatus":null,"providerCode":null,"providerReason":null,"service":"pipeline-worker","correlationId":"01a07e58-520c-7803-9628-9ac2fef38722"}}
{"timestamp":"2026-09-08T00:08:44.774Z","level":"info","event":"job.completed","fields":{"jobId":"01a07e58-521b-7425-ae98-a4ee3ed6784e","jobType":"tts.generate","projectId":"01a07b78-83ee-76fd-92e8-fac9b0e0ec85","correlationId":"01a07e58-520c-7803-9628-9ac2fef38722","attempt":1,"status":"failed","errorClassification":"terminal","durationMs":11533,"service":"pipeline-worker"}}
{"timestamp":"2026-09-08T00:08:59.695Z","level":"info","event":"queue.job_dispatched","fields":{"outboxEventId":"01a07e58-b840-7619-86ca-834a49b2f9e1","jobId":"01a07e58-b840-731f-ba63-dfcc2657cc69","projectId":"01a07b78-83ee-76fd-92e8-fac9b0e0ec85","correlationId":"01a07e58-b82e-723b-8693-8e3e93639e35","queueName":"pipeline","service":"pipeline-worker"}}
{"timestamp":"2026-09-08T00:08:59.702Z","level":"info","event":"job.started","fields":{"jobId":"01a07e58-b840-731f-ba63-dfcc2657cc69","jobType":"tts.generate","projectId":"01a07b78-83ee-76fd-92e8-fac9b0e0ec85","correlationId":"01a07e58-b82e-723b-8693-8e3e93639e35","attempt":1,"service":"pipeline-worker"}}
{"timestamp":"2026-09-08T00:09:11.954Z","level":"info","event":"job.completed","fields":{"jobId":"01a07e58-b840-731f-ba63-dfcc2657cc69","jobType":"tts.generate","projectId":"01a07b78-83ee-76fd-92e8-fac9b0e0ec85","correlationId":"01a07e58-b82e-723b-8693-8e3e93639e35","attempt":1,"status":"succeeded","errorClassification":"none","durationMs":12252,"service":"pipeline-worker"}}
{"timestamp":"2026-09-08T00:10:09.890Z","level":"info","event":"queue.job_dispatched","fields":{"outboxEventId":"01a07e59-ccc9-714e-bb70-297c46581c21","jobId":"01a07e59-ccc9-704c-8c03-0c4d467da894","projectId":"01a07b78-83ee-76fd-92e8-fac9b0e0ec85","correlationId":"01a07e59-ccbe-798b-818d-458e8038538d","queueName":"pipeline","service":"pipeline-worker"}}
{"timestamp":"2026-09-08T00:10:09.896Z","level":"info","event":"job.started","fields":{"jobId":"01a07e59-ccc9-704c-8c03-0c4d467da894","jobType":"tts.generate","projectId":"01a07b78-83ee-76fd-92e8-fac9b0e0ec85","correlationId":"01a07e59-ccbe-798b-818d-458e8038538d","attempt":1,"service":"pipeline-worker"}}
{"timestamp":"2026-09-08T00:10:21.438Z","level":"warn","event":"tts.provider_request_failed","fields":{"jobId":"01a07e59-ccc9-704c-8c03-0c4d467da894","phase":"forced_alignment","provider":"together","model":"nvidia/parakeet-tdt-0.6b-v3","failureCode":"PROVIDER_ALIGNMENT_MISMATCH","retryable":false,"providerStatus":null,"providerCode":null,"providerReason":"word_counts:35:37;matched:15","service":"pipeline-worker","correlationId":"01a07e59-ccbe-798b-818d-458e8038538d"}}
{"timestamp":"2026-09-08T00:10:21.481Z","level":"info","event":"job.completed","fields":{"jobId":"01a07e59-ccc9-704c-8c03-0c4d467da894","jobType":"tts.generate","projectId":"01a07b78-83ee-76fd-92e8-fac9b0e0ec85","correlationId":"01a07e59-ccbe-798b-818d-458e8038538d","attempt":1,"status":"failed","errorClassification":"terminal","durationMs":11585,"service":"pipeline-worker"}}
{"timestamp":"2026-09-08T00:10:26.209Z","level":"info","event":"queue.job_dispatched","fields":{"outboxEventId":"01a07e5a-0b04-7718-90b6-129062463271","jobId":"01a07e5a-0b04-7d2d-87f9-f66b09c02f19","projectId":"01a07b78-83ee-76fd-92e8-fac9b0e0ec85","correlationId":"01a07e5a-0af3-769d-b0d1-aab12767a0b9","queueName":"pipeline","service":"pipeline-worker"}}
{"timestamp":"2026-09-08T00:10:26.210Z","level":"info","event":"job.started","fields":{"jobId":"01a07e5a-0b04-7d2d-87f9-f66b09c02f19","jobType":"tts.generate","projectId":"01a07b78-83ee-76fd-92e8-fac9b0e0ec85","correlationId":"01a07e5a-0af3-769d-b0d1-aab12767a0b9","attempt":1,"service":"pipeline-worker"}}
{"timestamp":"2026-09-08T00:10:34.758Z","level":"warn","event":"tts.provider_request_failed","fields":{"jobId":"01a07e5a-0b04-7d2d-87f9-f66b09c02f19","phase":"forced_alignment","provider":"together","model":"nvidia/parakeet-tdt-0.6b-v3","failureCode":"PROVIDER_ALIGNMENT_MISMATCH","retryable":false,"providerStatus":null,"providerCode":null,"providerReason":"word_counts:35:37;matched:15","service":"pipeline-worker","correlationId":"01a07e5a-0af3-769d-b0d1-aab12767a0b9"}}
{"timestamp":"2026-09-08T00:10:34.795Z","level":"info","event":"job.completed","fields":{"jobId":"01a07e5a-0b04-7d2d-87f9-f66b09c02f19","jobType":"tts.generate","projectId":"01a07b78-83ee-76fd-92e8-fac9b0e0ec85","correlationId":"01a07e5a-0af3-769d-b0d1-aab12767a0b9","attempt":1,"status":"failed","errorClassification":"terminal","durationMs":8585,"service":"pipeline-worker"}}
{"timestamp":"2026-09-08T00:10:41.482Z","level":"info","event":"queue.job_dispatched","fields":{"outboxEventId":"01a07e5a-465d-7651-93cb-4b94f0c3ba01","jobId":"01a07e5a-465d-7715-826b-d33580edd0ff","projectId":"01a07b78-83ee-76fd-92e8-fac9b0e0ec85","correlationId":"01a07e5a-4650-7c14-9e29-d1e4016a0aa6","queueName":"pipeline","service":"pipeline-worker"}}
{"timestamp":"2026-09-08T00:10:41.485Z","level":"info","event":"job.started","fields":{"jobId":"01a07e5a-465d-7715-826b-d33580edd0ff","jobType":"tts.generate","projectId":"01a07b78-83ee-76fd-92e8-fac9b0e0ec85","correlationId":"01a07e5a-4650-7c14-9e29-d1e4016a0aa6","attempt":1,"service":"pipeline-worker"}}
{"timestamp":"2026-09-08T00:10:49.696Z","level":"warn","event":"tts.provider_request_failed","fields":{"jobId":"01a07e5a-465d-7715-826b-d33580edd0ff","phase":"forced_alignment","provider":"together","model":"nvidia/parakeet-tdt-0.6b-v3","failureCode":"PROVIDER_ALIGNMENT_MISMATCH","retryable":false,"providerStatus":null,"providerCode":null,"providerReason":"word_counts:35:37;matched:15","service":"pipeline-worker","correlationId":"01a07e5a-4650-7c14-9e29-d1e4016a0aa6"}}
{"timestamp":"2026-09-08T00:10:49.744Z","level":"info","event":"job.completed","fields":{"jobId":"01a07e5a-465d-7715-826b-d33580edd0ff","jobType":"tts.generate","projectId":"01a07b78-83ee-76fd-92e8-fac9b0e0ec85","correlationId":"01a07e5a-4650-7c14-9e29-d1e4016a0aa6","attempt":1,"status":"failed","errorClassification":"terminal","durationMs":8259,"service":"pipeline-worker"}}
{"timestamp":"2026-09-08T00:11:00.829Z","level":"info","event":"queue.job_dispatched","fields":{"outboxEventId":"01a07e5a-92b0-7610-b48c-5b5363dcab16","jobId":"01a07e5a-92b0-7e5c-b0c9-416d6935010c","projectId":"01a07b78-83ee-76fd-92e8-fac9b0e0ec85","correlationId":"01a07e5a-92a4-72f5-b45a-366d2cbf0977","queueName":"pipeline","service":"pipeline-worker"}}
{"timestamp":"2026-09-08T00:11:00.833Z","level":"info","event":"job.started","fields":{"jobId":"01a07e5a-92b0-7e5c-b0c9-416d6935010c","jobType":"tts.generate","projectId":"01a07b78-83ee-76fd-92e8-fac9b0e0ec85","correlationId":"01a07e5a-92a4-72f5-b45a-366d2cbf0977","attempt":1,"service":"pipeline-worker"}}
{"timestamp":"2026-09-08T00:11:12.794Z","level":"warn","event":"tts.provider_request_failed","fields":{"jobId":"01a07e5a-92b0-7e5c-b0c9-416d6935010c","phase":"forced_alignment","provider":"together","model":"nvidia/parakeet-tdt-0.6b-v3","failureCode":"PROVIDER_ALIGNMENT_MISMATCH","retryable":false,"providerStatus":null,"providerCode":null,"providerReason":"word_counts:35:37;matched:15","service":"pipeline-worker","correlationId":"01a07e5a-92a4-72f5-b45a-366d2cbf0977"}}
{"timestamp":"2026-09-08T00:11:12.831Z","level":"info","event":"job.completed","fields":{"jobId":"01a07e5a-92b0-7e5c-b0c9-416d6935010c","jobType":"tts.generate","projectId":"01a07b78-83ee-76fd-92e8-fac9b0e0ec85","correlationId":"01a07e5a-92a4-72f5-b45a-366d2cbf0977","attempt":1,"status":"failed","errorClassification":"terminal","durationMs":11999,"service":"pipeline-worker"}}
{"timestamp":"2026-09-08T00:44:19.585Z","level":"error","event":"queue.dispatch_cycle_failed","fields":{"queueName":"all","service":"pipeline-worker"}}
{"timestamp":"2026-09-08T00:44:19.933Z","level":"error","event":"worker.consumer_failed","fields":{"queueName":"pipeline","service":"pipeline-worker"}}
{"timestamp":"2026-09-08T00:44:20.613Z","level":"error","event":"queue.dispatch_cycle_failed","fields":{"queueName":"all","service":"pipeline-worker"}}
{"timestamp":"2026-09-08T00:44:20.772Z","level":"error","event":"queue.lease_sweep_failed","fields":{"queueName":"all","service":"pipeline-worker"}}
{"timestamp":"2026-09-08T00:44:20.949Z","level":"error","event":"worker.consumer_failed","fields":{"queueName":"pipeline","service":"pipeline-worker"}}
{"timestamp":"2026-09-08T00:44:20.953Z","level":"error","event":"worker.consumer_failed","fields":{"queueName":"pipeline","service":"pipeline-worker"}}
{"timestamp":"2026-09-08T00:44:21.644Z","level":"error","event":"queue.dispatch_cycle_failed","fields":{"queueName":"all","service":"pipeline-worker"}}
{"timestamp":"2026-09-08T00:44:21.963Z","level":"error","event":"worker.consumer_failed","fields":{"queueName":"pipeline","service":"pipeline-worker"}}
{"timestamp":"2026-09-08T00:44:21.965Z","level":"error","event":"worker.consumer_failed","fields":{"queueName":"pipeline","service":"pipeline-worker"}}
{"timestamp":"2026-09-08T00:44:22.669Z","level":"error","event":"queue.dispatch_cycle_failed","fields":{"queueName":"all","service":"pipeline-worker"}}
{"timestamp":"2026-09-08T00:44:22.976Z","level":"error","event":"worker.consumer_failed","fields":{"queueName":"pipeline","service":"pipeline-worker"}}
{"timestamp":"2026-09-08T00:44:22.982Z","level":"error","event":"worker.consumer_failed","fields":{"queueName":"pipeline","service":"pipeline-worker"}}
{"timestamp":"2026-09-08T00:44:23.700Z","level":"error","event":"queue.dispatch_cycle_failed","fields":{"queueName":"all","service":"pipeline-worker"}}
{"timestamp":"2026-09-08T00:44:23.987Z","level":"error","event":"worker.consumer_failed","fields":{"queueName":"pipeline","service":"pipeline-worker"}}
{"timestamp":"2026-09-08T00:44:23.992Z","level":"error","event":"worker.consumer_failed","fields":{"queueName":"pipeline","service":"pipeline-worker"}}
{"timestamp":"2026-09-08T00:44:24.722Z","level":"error","event":"queue.dispatch_cycle_failed","fields":{"queueName":"all","service":"pipeline-worker"}}
{"timestamp":"2026-09-08T00:44:25.008Z","level":"error","event":"worker.consumer_failed","fields":{"queueName":"pipeline","service":"pipeline-worker"}}
{"timestamp":"2026-09-08T00:44:25.104Z","level":"error","event":"worker.consumer_failed","fields":{"queueName":"pipeline","service":"pipeline-worker"}}
{"timestamp":"2026-09-08T00:44:25.753Z","level":"error","event":"queue.dispatch_cycle_failed","fields":{"queueName":"all","service":"pipeline-worker"}}
{"timestamp":"2026-09-08T00:44:26.118Z","level":"error","event":"worker.consumer_failed","fields":{"queueName":"pipeline","service":"pipeline-worker"}}
{"timestamp":"2026-09-08T00:44:26.786Z","level":"error","event":"queue.dispatch_cycle_failed","fields":{"queueName":"all","service":"pipeline-worker"}}
{"timestamp":"2026-09-08T00:44:27.814Z","level":"error","event":"queue.dispatch_cycle_failed","fields":{"queueName":"all","service":"pipeline-worker"}}
{"timestamp":"2026-09-08T00:44:28.103Z","level":"error","event":"worker.consumer_failed","fields":{"queueName":"pipeline","service":"pipeline-worker"}}
