
> @avlp/renderer@0.0.0 dev D:\Eronmonsele\Documents\SoundMinds\product-app\apps\renderer
> tsx watch --env-file=../../.env src/main.ts

{"timestamp":"2026-09-22T15:49:00.098Z","level":"info","event":"worker.started","fields":{"service":"renderer"}}
4:54:22 PM [tsx] change in ./..\..\packages\config\dist\index.js Restarting...
4:54:40 PM [tsx] change in ./..\..\packages\schemas\dist\creative-design.js Restarting...
4:54:41 PM [tsx] change in ./..\..\packages\schemas\dist\index.js Restarting...
4:54:46 PM [tsx] change in ./..\..\packages\schemas\dist\demonstration-proof.js Restarting...
4:54:46 PM [tsx] change in ./..\..\packages\schemas\dist\demonstration-pilot.js Restarting...
4:55:03 PM [tsx] change in ./..\..\packages\database\dist\schema.js Restarting...
4:55:05 PM [tsx] change in ./..\..\packages\database\dist\index.js Restarting...
{"timestamp":"2026-09-22T16:05:07.227Z","level":"info","event":"worker.started","fields":{"service":"renderer"}}
6:05:17 PM [tsx] change in ./..\..\packages\config\dist\index.js Restarting...
6:05:25 PM [tsx] change in ./..\..\packages\schemas\dist\creative-design.js Restarting...
6:05:25 PM [tsx] change in ./..\..\packages\schemas\dist\index.js Restarting...
6:05:28 PM [tsx] change in ./..\..\packages\schemas\dist\demonstration-pilot.js Restarting...
6:06:19 PM [tsx] change in ./..\..\packages\database\dist\client.js Restarting...
6:06:19 PM [tsx] change in ./..\..\packages\database\dist\concurrency.js Restarting...
6:06:19 PM [tsx] change in ./..\..\packages\database\dist\schema.js Restarting...
6:06:21 PM [tsx] change in ./..\..\packages\database\dist\index.js Restarting...
6:06:30 PM [tsx] change in ./..\..\packages\storage\dist\keys.js Restarting...
6:06:30 PM [tsx] change in ./..\..\packages\storage\dist\authorized-project-storage.js Process hasn't exited. Killing process...
6:06:30 PM [tsx] change in ./..\..\packages\storage\dist\index.js Restarting...
6:06:53 PM [tsx] change in ./..\..\packages\scene-library\dist\process-scene.js Restarting...
6:06:54 PM [tsx] change in ./..\..\packages\scene-library\dist\hook-scene.fixtures.js Restarting...
6:06:54 PM [tsx] change in ./..\..\packages\scene-library\dist\full-lesson.js Restarting...
6:06:55 PM [tsx] change in ./..\..\packages\scene-library\dist\full-lesson.fixture.js Restarting...
6:06:55 PM [tsx] change in ./..\..\packages\scene-library\dist\demonstration-proof\geometry.js Restarting...
6:06:55 PM [tsx] change in ./..\..\packages\scene-library\dist\demonstration-proof\registry.js Restarting...
6:06:55 PM [tsx] change in ./..\..\packages\scene-library\dist\demonstration-proof\state.js Restarting...
6:06:56 PM [tsx] change in ./..\..\packages\scene-library\dist\demonstration-proof\validation.js Restarting...
6:06:56 PM [tsx] change in ./..\..\packages\scene-library\dist\scene-preview-composition.js Restarting...
6:06:57 PM [tsx] change in ./..\..\packages\scene-library\dist\scene-preview.js Restarting...
6:06:57 PM [tsx] change in ./..\..\packages\scene-library\dist\index.js Restarting...
6:07:10 PM [tsx] change in ./..\..\packages\observability\dist\contracts.js Restarting...
6:07:10 PM [tsx] change in ./..\..\packages\observability\dist\repository.js Restarting...
6:07:10 PM [tsx] change in ./..\..\packages\observability\dist\index.js Restarting...
6:07:21 PM [tsx] change in ./..\..\packages\jobs\dist\index.js Restarting...
{"timestamp":"2026-09-22T17:08:43.678Z","level":"info","event":"worker.started","fields":{"service":"renderer"}}
D:\Eronmonsele\Documents\SoundMinds\product-app\apps\renderer:
 ERR_PNPM_RECURSIVE_RUN_FIRST_FAIL  @avlp/renderer@0.0.0 dev: `tsx watch --env-file=../../.env src/main.ts`
Exit status 4294967295
