{"timestamp":"2026-09-30T12:30:45.451Z","level":"info","event":"worker.started","fields":{"service":"renderer"}}
{"timestamp":"2026-09-30T12:31:31.823Z","level":"info","event":"job.started","fields":{"jobId":"01a0f24c-6cf5-71a6-bb69-5a84c8aee07d","jobType":"lesson.render","projectId":"01a0f157-88f9-7296-a2b4-4b2f7d919094","correlationId":"01a0f24c-6608-798e-bf82-e44820e4b23f","attempt":1,"service":"renderer"}}
{"timestamp":"2026-09-30T12:32:04.131Z","level":"error","event":"worker.consumer_failed","fields":{"queueName":"render","service":"renderer"}}
{"timestamp":"2026-09-30T12:32:11.644Z","level":"error","event":"worker.consumer_failed","fields":{"queueName":"render","service":"renderer"}}
{"timestamp":"2026-09-30T12:32:19.156Z","level":"error","event":"worker.consumer_failed","fields":{"queueName":"render","service":"renderer"}}
{"timestamp":"2026-09-30T12:33:24.281Z","level":"error","event":"worker.consumer_failed","fields":{"queueName":"render","service":"renderer"}}
{"timestamp":"2026-09-30T12:33:31.797Z","level":"error","event":"worker.consumer_failed","fields":{"queueName":"render","service":"renderer"}}
{"timestamp":"2026-09-30T12:33:39.302Z","level":"error","event":"worker.consumer_failed","fields":{"queueName":"render","service":"renderer"}}
{"timestamp":"2026-09-30T12:33:55.823Z","level":"error","event":"worker.consumer_failed","fields":{"queueName":"render","service":"renderer"}}
{"timestamp":"2026-09-30T12:34:03.500Z","level":"error","event":"worker.consumer_failed","fields":{"queueName":"render","service":"renderer"}}
{"timestamp":"2026-09-30T12:34:11.328Z","level":"error","event":"worker.consumer_failed","fields":{"queueName":"render","service":"renderer"}}
{"timestamp":"2026-09-30T12:34:19.381Z","level":"error","event":"worker.consumer_failed","fields":{"queueName":"render","service":"renderer"}}
{"timestamp":"2026-09-30T12:34:26.893Z","level":"error","event":"worker.consumer_failed","fields":{"queueName":"render","service":"renderer"}}
{"timestamp":"2026-09-30T12:34:34.403Z","level":"error","event":"worker.consumer_failed","fields":{"queueName":"render","service":"renderer"}}
{"timestamp":"2026-09-30T12:34:41.920Z","level":"error","event":"worker.consumer_failed","fields":{"queueName":"render","service":"renderer"}}
{"timestamp":"2026-09-30T12:34:49.430Z","level":"error","event":"worker.consumer_failed","fields":{"queueName":"render","service":"renderer"}}
{"timestamp":"2026-09-30T12:34:57.356Z","level":"error","event":"worker.consumer_failed","fields":{"queueName":"render","service":"renderer"}}
{"timestamp":"2026-09-30T12:35:04.862Z","level":"error","event":"worker.consumer_failed","fields":{"queueName":"render","service":"renderer"}}
{"timestamp":"2026-09-30T12:35:12.382Z","level":"error","event":"worker.consumer_failed","fields":{"queueName":"render","service":"renderer"}}
{"timestamp":"2026-09-30T12:35:19.901Z","level":"error","event":"worker.consumer_failed","fields":{"queueName":"render","service":"renderer"}}
{"timestamp":"2026-09-30T12:35:27.421Z","level":"error","event":"worker.consumer_failed","fields":{"queueName":"render","service":"renderer"}}
{"timestamp":"2026-09-30T12:35:36.139Z","level":"error","event":"worker.consumer_failed","fields":{"queueName":"render","service":"renderer"}}
{"timestamp":"2026-09-30T12:35:43.663Z","level":"error","event":"worker.consumer_failed","fields":{"queueName":"render","service":"renderer"}}
{"timestamp":"2026-09-30T12:35:51.187Z","level":"error","event":"worker.consumer_failed","fields":{"queueName":"render","service":"renderer"}}
{"timestamp":"2026-09-30T12:35:58.713Z","level":"error","event":"worker.consumer_failed","fields":{"queueName":"render","service":"renderer"}}
{"timestamp":"2026-09-30T12:36:06.229Z","level":"error","event":"worker.consumer_failed","fields":{"queueName":"render","service":"renderer"}}
{"timestamp":"2026-09-30T12:36:13.739Z","level":"error","event":"worker.consumer_failed","fields":{"queueName":"render","service":"renderer"}}
{"timestamp":"2026-09-30T12:36:21.251Z","level":"error","event":"worker.consumer_failed","fields":{"queueName":"render","service":"renderer"}}
{"timestamp":"2026-09-30T12:36:29.047Z","level":"error","event":"worker.consumer_failed","fields":{"queueName":"render","service":"renderer"}}
[31mProtocolError: Protocol error (Page.bringToFront): Target closed. https://www.remotion.dev/docs/target-closed[39m
[33mThe browser crashed while rendering frame 2089, retrying 1 more times. Learn more about this error under https://www.remotion.dev/docs/target-closed[39m
[33mThe browser crashed while rendering frame 2091, retrying 1 more times. Learn more about this error under https://www.remotion.dev/docs/target-closed[39m
[33mThe browser crashed while rendering frame 2090, retrying 1 more times. Learn more about this error under https://www.remotion.dev/docs/target-closed[39m
[33mThe browser crashed while rendering frame 2088, retrying 1 more times. Learn more about this error under https://www.remotion.dev/docs/target-closed[39m
[33mThe browser crashed while rendering frame 2093, retrying 1 more times. Learn more about this error under https://www.remotion.dev/docs/target-closed[39m
[33mThe browser crashed while rendering frame 2092, retrying 1 more times. Learn more about this error under https://www.remotion.dev/docs/target-closed[39m
[31mError: Protocol error (Page.bringToFront): Session closed. Most likely the page has been closed.[39m
[31mError: Protocol error (Page.bringToFront): Session closed. Most likely the page has been closed.[39m
Killed previous browser and making new one
Made new browser
{"timestamp":"2026-09-30T12:37:02.560Z","level":"error","event":"worker.consumer_failed","fields":{"queueName":"render","service":"renderer"}}
{"timestamp":"2026-09-30T12:37:14.105Z","level":"error","event":"worker.consumer_failed","fields":{"queueName":"render","service":"renderer"}}
{"timestamp":"2026-09-30T12:37:24.534Z","level":"error","event":"worker.consumer_failed","fields":{"queueName":"render","service":"renderer"}}
{"timestamp":"2026-09-30T12:37:32.027Z","level":"error","event":"worker.consumer_failed","fields":{"queueName":"render","service":"renderer"}}
{"timestamp":"2026-09-30T12:37:39.529Z","level":"error","event":"worker.consumer_failed","fields":{"queueName":"render","service":"renderer"}}
{"timestamp":"2026-09-30T12:37:47.035Z","level":"error","event":"worker.consumer_failed","fields":{"queueName":"render","service":"renderer"}}
{"timestamp":"2026-09-30T12:37:54.552Z","level":"error","event":"worker.consumer_failed","fields":{"queueName":"render","service":"renderer"}}
{"timestamp":"2026-09-30T12:38:02.067Z","level":"error","event":"worker.consumer_failed","fields":{"queueName":"render","service":"renderer"}}
{"timestamp":"2026-09-30T12:38:09.744Z","level":"error","event":"worker.consumer_failed","fields":{"queueName":"render","service":"renderer"}}
{"timestamp":"2026-09-30T12:38:17.247Z","level":"error","event":"worker.consumer_failed","fields":{"queueName":"render","service":"renderer"}}
{"timestamp":"2026-09-30T12:38:24.756Z","level":"error","event":"worker.consumer_failed","fields":{"queueName":"render","service":"renderer"}}
{"timestamp":"2026-09-30T12:38:32.270Z","level":"error","event":"worker.consumer_failed","fields":{"queueName":"render","service":"renderer"}}
{"timestamp":"2026-09-30T12:38:39.781Z","level":"error","event":"worker.consumer_failed","fields":{"queueName":"render","service":"renderer"}}
{"timestamp":"2026-09-30T12:38:47.307Z","level":"error","event":"worker.consumer_failed","fields":{"queueName":"render","service":"renderer"}}
{"timestamp":"2026-09-30T12:38:54.831Z","level":"error","event":"worker.consumer_failed","fields":{"queueName":"render","service":"renderer"}}
{"timestamp":"2026-09-30T12:39:02.342Z","level":"error","event":"worker.consumer_failed","fields":{"queueName":"render","service":"renderer"}}
{"timestamp":"2026-09-30T12:39:09.863Z","level":"error","event":"worker.consumer_failed","fields":{"queueName":"render","service":"renderer"}}
{"timestamp":"2026-09-30T12:39:17.381Z","level":"error","event":"worker.consumer_failed","fields":{"queueName":"render","service":"renderer"}}
{"timestamp":"2026-09-30T12:39:24.891Z","level":"error","event":"worker.consumer_failed","fields":{"queueName":"render","service":"renderer"}}
{"timestamp":"2026-09-30T12:39:32.402Z","level":"error","event":"worker.consumer_failed","fields":{"queueName":"render","service":"renderer"}}
{"timestamp":"2026-09-30T12:39:39.908Z","level":"error","event":"worker.consumer_failed","fields":{"queueName":"render","service":"renderer"}}
{"timestamp":"2026-09-30T12:39:47.417Z","level":"error","event":"worker.consumer_failed","fields":{"queueName":"render","service":"renderer"}}
{"timestamp":"2026-09-30T12:39:54.932Z","level":"error","event":"worker.consumer_failed","fields":{"queueName":"render","service":"renderer"}}
{"timestamp":"2026-09-30T12:40:02.447Z","level":"error","event":"worker.consumer_failed","fields":{"queueName":"render","service":"renderer"}}
{"timestamp":"2026-09-30T12:40:09.961Z","level":"error","event":"worker.consumer_failed","fields":{"queueName":"render","service":"renderer"}}
{"timestamp":"2026-09-30T12:40:17.467Z","level":"error","event":"worker.consumer_failed","fields":{"queueName":"render","service":"renderer"}}
{"timestamp":"2026-09-30T12:40:24.981Z","level":"error","event":"worker.consumer_failed","fields":{"queueName":"render","service":"renderer"}}
{"timestamp":"2026-09-30T12:40:32.488Z","level":"error","event":"worker.consumer_failed","fields":{"queueName":"render","service":"renderer"}}
{"timestamp":"2026-09-30T12:40:39.993Z","level":"error","event":"worker.consumer_failed","fields":{"queueName":"render","service":"renderer"}}
{"timestamp":"2026-09-30T12:40:47.498Z","level":"error","event":"worker.consumer_failed","fields":{"queueName":"render","service":"renderer"}}
{"timestamp":"2026-09-30T12:40:52.019Z","level":"warn","event":"render.failed","fields":{"classification":"cancelled","code":"JOB_LEASE_LOST","errorName":"JobExecutionError","stage":"video_render","correlationId":"01a0f24c-6608-798e-bf82-e44820e4b23f","jobId":"01a0f24c-6cf5-71a6-bb69-5a84c8aee07d","projectId":"01a0f157-88f9-7296-a2b4-4b2f7d919094","service":"renderer"}}
Job execution error: JobExecutionError: The job lease is no longer active.
    at Object.reportProgress (D:\Eronmonsele\Documents\SoundMinds\product-app\packages\jobs\src\worker.ts:164:21)
    at process.processTicksAndRejections (node:internal/process/task_queues:104:5)
    at async Object.onProgress (D:\Eronmonsele\Documents\SoundMinds\product-app\apps\renderer\src\render-worker.ts:754:15) {
  classification: 'cancelled',
  code: 'JOB_LEASE_LOST',
  details: undefined
}
{"timestamp":"2026-09-30T12:40:52.125Z","level":"info","event":"job.completed","fields":{"jobId":"01a0f24c-6cf5-71a6-bb69-5a84c8aee07d","jobType":"lesson.render","projectId":"01a0f157-88f9-7296-a2b4-4b2f7d919094","correlationId":"01a0f24c-6608-798e-bf82-e44820e4b23f","attempt":1,"status":"duplicate","errorClassification":"cancelled","durationMs":560302,"service":"renderer"}}
{"timestamp":"2026-09-30T12:40:52.214Z","level":"error","event":"worker.consumer_failed","fields":{"queueName":"render","service":"renderer"}}
{"timestamp":"2026-09-30T12:40:52.452Z","level":"error","event":"worker.consumer_failed","fields":{"queueName":"render","service":"renderer"}}
{"timestamp":"2026-09-30T12:40:52.547Z","level":"info","event":"job.started","fields":{"jobId":"01a0f24c-6cf5-71a6-bb69-5a84c8aee07d","jobType":"lesson.render","projectId":"01a0f157-88f9-7296-a2b4-4b2f7d919094","correlationId":"01a0f24c-6608-798e-bf82-e44820e4b23f","attempt":2,"service":"renderer"}}
{"timestamp":"2026-09-30T12:47:59.907Z","level":"info","event":"render.reviewed","fields":{"correlationId":"01a0f24c-6608-798e-bf82-e44820e4b23f","findingCodes":"NARRATION_SILENT,LOUDNESS_OUT_OF_RANGE","jobId":"01a0f24c-6cf5-71a6-bb69-5a84c8aee07d","outcome":"passed","projectId":"01a0f157-88f9-7296-a2b4-4b2f7d919094","reviewVersion":"render-review-v2","service":"renderer"}}
{"timestamp":"2026-09-30T12:48:16.275Z","level":"info","event":"render.completed","fields":{"correlationId":"01a0f24c-6608-798e-bf82-e44820e4b23f","jobId":"01a0f24c-6cf5-71a6-bb69-5a84c8aee07d","projectId":"01a0f157-88f9-7296-a2b4-4b2f7d919094","reused":false,"service":"renderer"}}
{"timestamp":"2026-09-30T12:48:16.300Z","level":"info","event":"job.completed","fields":{"jobId":"01a0f24c-6cf5-71a6-bb69-5a84c8aee07d","jobType":"lesson.render","projectId":"01a0f157-88f9-7296-a2b4-4b2f7d919094","correlationId":"01a0f24c-6608-798e-bf82-e44820e4b23f","attempt":2,"status":"succeeded","errorClassification":"none","durationMs":443752,"service":"renderer"}}
{"timestamp":"2026-09-30T12:48:16.394Z","level":"info","event":"job.started","fields":{"jobId":"01a0f24f-0c86-7952-87bc-a7d22d7bfbaa","jobType":"lesson.render","projectId":"01a0f157-88fb-7876-ac7b-94c9dc93e943","correlationId":"01a0f24e-f7b3-78df-895a-90ea28a0f197","attempt":1,"service":"renderer"}}
{"timestamp":"2026-09-30T12:53:54.812Z","level":"info","event":"render.reviewed","fields":{"correlationId":"01a0f24e-f7b3-78df-895a-90ea28a0f197","findingCodes":"NARRATION_SILENT,LOUDNESS_OUT_OF_RANGE","jobId":"01a0f24f-0c86-7952-87bc-a7d22d7bfbaa","outcome":"passed","projectId":"01a0f157-88fb-7876-ac7b-94c9dc93e943","reviewVersion":"render-review-v2","service":"renderer"}}
{"timestamp":"2026-09-30T12:53:59.628Z","level":"info","event":"render.completed","fields":{"correlationId":"01a0f24e-f7b3-78df-895a-90ea28a0f197","jobId":"01a0f24f-0c86-7952-87bc-a7d22d7bfbaa","projectId":"01a0f157-88fb-7876-ac7b-94c9dc93e943","reused":false,"service":"renderer"}}
{"timestamp":"2026-09-30T12:53:59.679Z","level":"info","event":"job.completed","fields":{"jobId":"01a0f24f-0c86-7952-87bc-a7d22d7bfbaa","jobType":"lesson.render","projectId":"01a0f157-88fb-7876-ac7b-94c9dc93e943","correlationId":"01a0f24e-f7b3-78df-895a-90ea28a0f197","attempt":1,"status":"succeeded","errorClassification":"none","durationMs":343285,"service":"renderer"}}
{"timestamp":"2026-09-30T12:55:54.949Z","level":"info","event":"job.started","fields":{"jobId":"01a0f262-b978-7557-a102-3a9380de7ff4","jobType":"lesson.render","projectId":"01a0ecdc-8067-7926-814a-84d1a29920a5","correlationId":"01a0f262-acdf-7fdb-8e85-6373164870de","attempt":1,"service":"renderer"}}
{"timestamp":"2026-09-30T13:42:57.824Z","level":"error","event":"worker.consumer_failed","fields":{"queueName":"render","service":"renderer"}}
{"timestamp":"2026-09-30T13:43:05.404Z","level":"error","event":"worker.consumer_failed","fields":{"queueName":"render","service":"renderer"}}
{"timestamp":"2026-09-30T13:43:06.013Z","level":"info","event":"render.reviewed","fields":{"correlationId":"01a0f262-acdf-7fdb-8e85-6373164870de","findingCodes":"NARRATION_SILENT,LOUDNESS_OUT_OF_RANGE","jobId":"01a0f262-b978-7557-a102-3a9380de7ff4","outcome":"passed","projectId":"01a0ecdc-8067-7926-814a-84d1a29920a5","reviewVersion":"render-review-v2","service":"renderer"}}
{"timestamp":"2026-09-30T13:43:12.949Z","level":"error","event":"worker.consumer_failed","fields":{"queueName":"render","service":"renderer"}}
{"timestamp":"2026-09-30T13:43:20.607Z","level":"error","event":"worker.consumer_failed","fields":{"queueName":"render","service":"renderer"}}
{"timestamp":"2026-09-30T13:43:28.207Z","level":"error","event":"worker.consumer_failed","fields":{"queueName":"render","service":"renderer"}}
{"timestamp":"2026-09-30T13:43:29.097Z","level":"warn","event":"render.failed","fields":{"classification":"cancelled","code":"JOB_LEASE_LOST","errorName":"JobExecutionError","stage":"video_upload","correlationId":"01a0f262-acdf-7fdb-8e85-6373164870de","jobId":"01a0f262-b978-7557-a102-3a9380de7ff4","projectId":"01a0ecdc-8067-7926-814a-84d1a29920a5","service":"renderer"}}
Job execution error: JobExecutionError: The job lease is no longer active.
    at Object.reportProgress (D:\Eronmonsele\Documents\SoundMinds\product-app\packages\jobs\src\worker.ts:164:21)
    at process.processTicksAndRejections (node:internal/process/task_queues:104:5)
    at async defineJobHandler.leaseDurationMs (D:\Eronmonsele\Documents\SoundMinds\product-app\apps\renderer\src\render-worker.ts:785:11)
    at async executeJobDelivery (D:\Eronmonsele\Documents\SoundMinds\product-app\packages\jobs\src\worker.ts:138:7)
    at async D:\Eronmonsele\Documents\SoundMinds\product-app\node_modules\.pnpm\bullmq@5.81.3\node_modules\bullmq\dist\cjs\classes\worker.js:612:32 {
  classification: 'cancelled',
  code: 'JOB_LEASE_LOST',
  details: undefined
}
{"timestamp":"2026-09-30T13:43:29.841Z","level":"info","event":"job.completed","fields":{"jobId":"01a0f262-b978-7557-a102-3a9380de7ff4","jobType":"lesson.render","projectId":"01a0ecdc-8067-7926-814a-84d1a29920a5","correlationId":"01a0f262-acdf-7fdb-8e85-6373164870de","attempt":1,"status":"duplicate","errorClassification":"cancelled","durationMs":2854892,"service":"renderer"}}
{"timestamp":"2026-09-30T13:43:29.849Z","level":"error","event":"worker.consumer_failed","fields":{"queueName":"render","service":"renderer"}}
{"timestamp":"2026-09-30T13:43:29.855Z","level":"error","event":"worker.consumer_failed","fields":{"queueName":"render","service":"renderer"}}
{"timestamp":"2026-09-30T13:43:29.911Z","level":"info","event":"job.started","fields":{"jobId":"01a0f262-b978-7557-a102-3a9380de7ff4","jobType":"lesson.render","projectId":"01a0ecdc-8067-7926-814a-84d1a29920a5","correlationId":"01a0f262-acdf-7fdb-8e85-6373164870de","attempt":2,"service":"renderer"}}
{"timestamp":"2026-09-30T13:44:00.700Z","level":"info","event":"render.reviewed","fields":{"correlationId":"01a0f262-acdf-7fdb-8e85-6373164870de","findingCodes":"NARRATION_SILENT,LOUDNESS_OUT_OF_RANGE","jobId":"01a0f262-b978-7557-a102-3a9380de7ff4","outcome":"passed","projectId":"01a0ecdc-8067-7926-814a-84d1a29920a5","reviewVersion":"render-review-v2","service":"renderer"}}
{"timestamp":"2026-09-30T13:44:04.862Z","level":"info","event":"render.completed","fields":{"correlationId":"01a0f262-acdf-7fdb-8e85-6373164870de","jobId":"01a0f262-b978-7557-a102-3a9380de7ff4","projectId":"01a0ecdc-8067-7926-814a-84d1a29920a5","reused":true,"service":"renderer"}}
{"timestamp":"2026-09-30T13:44:04.938Z","level":"info","event":"job.completed","fields":{"jobId":"01a0f262-b978-7557-a102-3a9380de7ff4","jobType":"lesson.render","projectId":"01a0ecdc-8067-7926-814a-84d1a29920a5","correlationId":"01a0f262-acdf-7fdb-8e85-6373164870de","attempt":2,"status":"succeeded","errorClassification":"none","durationMs":35027,"service":"renderer"}}
{"timestamp":"2026-09-30T13:47:41.132Z","level":"info","event":"job.started","fields":{"jobId":"01a0f292-21da-7db2-9473-732ba82097da","jobType":"lesson.render","projectId":"01a0f157-88fb-7876-ac7b-94c9dc93e943","correlationId":"01a0f292-1ca7-7862-b0c5-6ec6181d24f7","attempt":1,"service":"renderer"}}
{"timestamp":"2026-09-30T13:53:52.415Z","level":"info","event":"render.reviewed","fields":{"correlationId":"01a0f292-1ca7-7862-b0c5-6ec6181d24f7","findingCodes":"NARRATION_SILENT,LOUDNESS_OUT_OF_RANGE","jobId":"01a0f292-21da-7db2-9473-732ba82097da","outcome":"passed","projectId":"01a0f157-88fb-7876-ac7b-94c9dc93e943","reviewVersion":"render-review-v2","service":"renderer"}}
{"timestamp":"2026-09-30T13:53:57.131Z","level":"info","event":"render.completed","fields":{"correlationId":"01a0f292-1ca7-7862-b0c5-6ec6181d24f7","jobId":"01a0f292-21da-7db2-9473-732ba82097da","projectId":"01a0f157-88fb-7876-ac7b-94c9dc93e943","reused":false,"service":"renderer"}}
{"timestamp":"2026-09-30T13:53:57.195Z","level":"info","event":"job.completed","fields":{"jobId":"01a0f292-21da-7db2-9473-732ba82097da","jobType":"lesson.render","projectId":"01a0f157-88fb-7876-ac7b-94c9dc93e943","correlationId":"01a0f292-1ca7-7862-b0c5-6ec6181d24f7","attempt":1,"status":"succeeded","errorClassification":"none","durationMs":376063,"service":"renderer"}}
