
> @avlp/renderer@0.0.0 dev D:\Eronmonsele\Documents\SoundMinds\product-app\apps\renderer
> tsx watch --env-file=../../.env src/main.ts

{"timestamp":"2026-09-27T19:41:50.826Z","level":"info","event":"worker.started","fields":{"service":"renderer"}}
9:33:24 PM [tsx] change in ./..\..\packages\config\dist\identifiers.js Restarting...
9:33:33 PM [tsx] change in ./..\..\packages\schemas\dist\creative-design.js Restarting...
9:33:33 PM [tsx] change in ./..\..\packages\schemas\dist\sound-bed.js Restarting...
9:33:33 PM [tsx] change in ./..\..\packages\schemas\dist\index.js Restarting...
9:33:35 PM [tsx] change in ./..\..\packages\schemas\dist\demonstration-proof.js Restarting...
9:33:35 PM [tsx] change in ./..\..\packages\schemas\dist\demonstration-pilot.js Restarting...
9:33:42 PM [tsx] change in ./..\..\packages\database\dist\schema.js Restarting...
9:33:43 PM [tsx] change in ./..\..\packages\database\dist\index.js Restarting...
9:33:50 PM [tsx] change in ./..\..\packages\provider-adapters\dist\dynamic-mock-provider.js Restarting...
9:33:50 PM [tsx] change in ./..\..\packages\provider-adapters\dist\prompts\objectives\v3.js Restarting...
9:33:50 PM [tsx] change in ./..\..\packages\provider-adapters\dist\index.js Restarting...
{"timestamp":"2026-09-27T20:34:38.331Z","level":"info","event":"worker.started","fields":{"service":"renderer"}}
9:39:41 PM [tsx] change in ./..\..\packages\observability\dist\index.js Restarting...
{"timestamp":"2026-09-27T20:39:53.826Z","level":"info","event":"worker.started","fields":{"service":"renderer"}}
9:50:21 PM [tsx] change in ./..\..\packages\database\dist\schema.js Restarting...
9:50:22 PM [tsx] change in ./..\..\packages\database\dist\index.js Restarting...
{"timestamp":"2026-09-27T20:51:11.244Z","level":"info","event":"worker.started","fields":{"service":"renderer"}}
D:\Eronmonsele\Documents\SoundMinds\product-app\apps\renderer:
 ERR_PNPM_RECURSIVE_RUN_FIRST_FAIL  @avlp/renderer@0.0.0 dev: `tsx watch --env-file=../../.env src/main.ts`
Exit status 4294967295
