  [history] 1-request
  [biology] 1-request
  [finance] 1-request
  [biology] document still being read; retrying
  [history] document still being read; retrying
  [finance] document still being read; retrying
  [finance] 2-brief
  [history] 2-brief
  [biology] 2-brief
  [biology] 3-brief-phone
  [finance] 3-brief-phone
  [history] 3-brief-revision-2
  [history] 4-brief-phone
  [biology] 4-progress-after-reload
  [finance] 4-progress-after-reload
  [history] 5-progress-after-reload
  [biology] 5-approval
  [finance] 5-approval
  [history] 6-approval
  [biology] 6-delivery-completed
  [history] 7-delivery-rendering
  [finance] 6-delivery-rendering
[
  {
    "subject": "biology",
    "projectId": "01a0e4ea-dd16-7128-b447-9cb1f7e1be39",
    "briefRevisions": 1,
    "brief": {
      "title": "How do mitochondria and chloroplasts supply energy to a cell",
      "points": [
        {
          "point": "Explain Cell Biology Basics",
          "chips": [
            "Cell Biology Basics"
          ]
        },
        {
          "point": "Explain 1. What is a cell?",
          "chips": [
            "1. What is a cell?"
          ]
        },
        {
          "point": "Explain 2. Parts of a cell",
          "chips": [
            "2. Parts of a cell"
          ]
        },
        {
          "point": "Explain 3. Plant cells and animal cells",
          "chips": [
            "3. Plant cells and animal cells"
          ]
        }
      ],
      "notCovered": [],
      "style": "essential",
      "sound": "morning-pad",
      "estimateUsd": "$22.80"
    },
    "briefAccuracy": [
      {
        "expected": "/mitochond/i",
        "citedByAChip": false
      },
      {
        "expected": "/chloroplast|photosynth/i",
        "citedByAChip": false
      }
    ],
    "nothingPaidBeforeConfirm": true,
    "stop": "approval",
    "status": "completed",
    "downloaded": "how-do-mitochondria-and-chloroplasts-supply-energy-to-a-cell-v1.mp4",
    "coverageGaps": [
      "Explain Cell Biology Basics",
      "Explain 3. Plant cells and animal cells"
    ],
    "stylePack": "essential",
    "soundBed": "morning-pad",
    "repairCount": {
      "queued": 3,
      "applied": 3,
      "discardedOrStopped": 1
    },
    "decisionKinds": [
      "brief",
      "style_pack",
      "sound_bed",
      "budget_reservation",
      "auto_approval",
      "auto_approval",
      "auto_approval",
      "auto_approval",
      "repair",
      "repair",
      "repair",
      "repair",
      "repair",
      "repair",
      "repair",
      "coverage_gap",
      "coverage_gap",
      "render_review"
    ],
    "estimateUsd": 22.8022,
    "reservedUsd": 22.80222,
    "capUsd": 28.502775,
    "actualUsdLedger": 0.099,
    "actualUsdRun": 0.099,
    "ledger": [
      {
        "step": "brief",
        "estimateUsd": 1.08,
        "actualUsd": 0.00825,
        "records": 1
      },
      {
        "step": "objectives",
        "estimateUsd": 1.08,
        "actualUsd": 0.00825,
        "records": 1
      },
      {
        "step": "outline",
        "estimateUsd": 1.08,
        "actualUsd": 0.00825,
        "records": 1
      },
      {
        "step": "narration",
        "estimateUsd": 1.08,
        "actualUsd": 0.00825,
        "records": 1
      },
      {
        "step": "storyboard",
        "estimateUsd": 1.08,
        "actualUsd": 0.00825,
        "records": 1
      },
      {
        "step": "illustrations",
        "estimateUsd": 0.0135,
        "actualUsd": 0,
        "records": 0
      },
      {
        "step": "grounding",
        "estimateUsd": 1.08,
        "actualUsd": 0.033,
        "records": 4
      },
      {
        "step": "audio",
        "estimateUsd": 0.03924,
        "actualUsd": 0,
        "records": 4
      },
      {
        "step": "repair",
        "estimateUsd": 16.26948,
        "actualUsd": 0.02475,
        "records": 3
      }
    ],
    "briefPhoneOverflowPx": 0,
    "promptInUrl": true,
    "minutes": "13.2",
    "pageErrors": []
  },
  {
    "subject": "history",
    "projectId": "01a0e4ea-dd17-7650-930b-27f60525a6e1",
    "briefRevisions": 2,
    "brief": {
      "title": "Explain how consuls, the Senate and the tribunes shared power",
      "points": [
        {
          "point": "Explain The Roman Republic",
          "chips": [
            "The Roman Republic"
          ]
        },
        {
          "point": "Explain 1. Founding of the Republic",
          "chips": [
            "1. Founding of the Republic"
          ]
        },
        {
          "point": "Explain 2. Consuls and the Senate",
          "chips": [
            "2. Consuls and the Senate"
          ]
        },
        {
          "point": "Explain 3. The Assemblies and the Tribunes",
          "chips": [
            "3. The Assemblies and the Tribunes"
          ]
        }
      ],
      "notCovered": [],
      "style": "essential",
      "sound": "morning-pad",
      "estimateUsd": "$22.80"
    },
    "briefAccuracy": [
      {
        "expected": "/consul|senate/i",
        "citedByAChip": true
      },
      {
        "expected": "/tribune|assembl/i",
        "citedByAChip": true
      }
    ],
    "nothingPaidBeforeConfirm": true,
    "stop": "approval",
    "status": "rendering",
    "downloaded": null,
    "coverageGaps": [
      "Explain The Roman Republic",
      "Explain 2. Consuls and the Senate",
      "Explain 3. The Assemblies and the Tribunes"
    ],
    "stylePack": "editorial",
    "soundBed": "morning-pad",
    "repairCount": {
      "queued": 4,
      "applied": 4,
      "discardedOrStopped": 1
    },
    "decisionKinds": [
      "brief",
      "brief",
      "style_pack",
      "sound_bed",
      "budget_reservation",
      "auto_approval",
      "auto_approval",
      "auto_approval",
      "auto_approval",
      "repair",
      "repair",
      "repair",
      "repair",
      "repair",
      "repair",
      "repair",
      "repair",
      "repair",
      "coverage_gap",
      "coverage_gap",
      "coverage_gap"
    ],
    "estimateUsd": 22.8022,
    "reservedUsd": 22.80222,
    "capUsd": 28.502775,
    "actualUsdLedger": 0.1155,
    "actualUsdRun": 0.1155,
    "ledger": [
      {
        "step": "brief",
        "estimateUsd": 1.08,
        "actualUsd": 0.0165,
        "records": 2
      },
      {
        "step": "objectives",
        "estimateUsd": 1.08,
        "actualUsd": 0.00825,
        "records": 1
      },
      {
        "step": "outline",
        "estimateUsd": 1.08,
        "actualUsd": 0.00825,
        "records": 1
      },
      {
        "step": "narration",
        "estimateUsd": 1.08,
        "actualUsd": 0.00825,
        "records": 1
      },
      {
        "step": "storyboard",
        "estimateUsd": 1.08,
        "actualUsd": 0.00825,
        "records": 1
      },
      {
        "step": "illustrations",
        "estimateUsd": 0.0135,
        "actualUsd": 0,
        "records": 0
      },
      {
        "step": "grounding",
        "estimateUsd": 1.08,
        "actualUsd": 0.033,
        "records": 4
      },
      {
        "step": "audio",
        "estimateUsd": 0.03924,
        "actualUsd": 0,
        "records": 4
      },
      {
        "step": "repair",
        "estimateUsd": 16.26948,
        "actualUsd": 0.033,
        "records": 4
      }
    ],
    "briefPhoneOverflowPx": 0,
    "promptInUrl": false,
    "minutes": "18.4",
    "pageErrors": []
  },
  {
    "subject": "finance",
    "projectId": "01a0e4ea-dd16-7c7d-971f-48bc3a93155e",
    "briefRevisions": 1,
    "brief": {
      "title": "Explain the compound interest formula and how compounding frequency and",
      "points": [
        {
          "point": "Explain Compound Interest",
          "chips": [
            "Compound Interest"
          ]
        },
        {
          "point": "Explain 1. Simple and compound interest",
          "chips": [
            "1. Simple and compound interest"
          ]
        },
        {
          "point": "Explain 2. The compound interest formula",
          "chips": [
            "2. The compound interest formula"
          ]
        },
        {
          "point": "Explain 3. Compounding frequency and time",
          "chips": [
            "3. Compounding frequency and time"
          ]
        }
      ],
      "notCovered": [],
      "style": "essential",
      "sound": "morning-pad",
      "estimateUsd": "$22.80"
    },
    "briefAccuracy": [
      {
        "expected": "/formula/i",
        "citedByAChip": true
      },
      {
        "expected": "/frequency|time/i",
        "citedByAChip": true
      }
    ],
    "nothingPaidBeforeConfirm": true,
    "stop": "approval",
    "status": "rendering",
    "downloaded": null,
    "coverageGaps": [
      "Explain Compound Interest",
      "Explain 2. The compound interest formula",
      "Explain 3. Compounding frequency and time"
    ],
    "stylePack": "essential",
    "soundBed": "morning-pad",
    "repairCount": {
      "queued": 4,
      "applied": 4,
      "discardedOrStopped": 1
    },
    "decisionKinds": [
      "brief",
      "style_pack",
      "sound_bed",
      "budget_reservation",
      "auto_approval",
      "auto_approval",
      "auto_approval",
      "auto_approval",
      "repair",
      "repair",
      "repair",
      "repair",
      "repair",
      "repair",
      "repair",
      "repair",
      "repair",
      "coverage_gap",
      "coverage_gap",
      "coverage_gap"
    ],
    "estimateUsd": 22.8022,
    "reservedUsd": 22.80222,
    "capUsd": 28.502775,
    "actualUsdLedger": 0.099,
    "actualUsdRun": 0.099,
    "ledger": [
      {
        "step": "brief",
        "estimateUsd": 1.08,
        "actualUsd": 0.00825,
        "records": 1
      },
      {
        "step": "objectives",
        "estimateUsd": 1.08,
        "actualUsd": 0.00825,
        "records": 1
      },
      {
        "step": "outline",
        "estimateUsd": 1.08,
        "actualUsd": 0.00825,
        "records": 1
      },
      {
        "step": "narration",
        "estimateUsd": 1.08,
        "actualUsd": 0.00825,
        "records": 1
      },
      {
        "step": "storyboard",
        "estimateUsd": 1.08,
        "actualUsd": 0.00825,
        "records": 1
      },
      {
        "step": "illustrations",
        "estimateUsd": 0.0135,
        "actualUsd": 0,
        "records": 0
      },
      {
        "step": "grounding",
        "estimateUsd": 1.08,
        "actualUsd": 0.02475,
        "records": 3
      },
      {
        "step": "audio",
        "estimateUsd": 0.03924,
        "actualUsd": 0,
        "records": 4
      },
      {
        "step": "repair",
        "estimateUsd": 16.26948,
        "actualUsd": 0.033,
        "records": 4
      }
    ],
    "briefPhoneOverflowPx": 0,
    "promptInUrl": false,
    "minutes": "18.4",
    "pageErrors": []
  }
]
exit=0  
