
> @avlp/renderer@0.0.0 dev D:\Eronmonsele\Documents\SoundMinds\product-app\apps\renderer
> tsx watch --env-file=../../.env src/main.ts

{"timestamp":"2026-09-27T22:08:38.286Z","level":"info","event":"worker.started","fields":{"service":"renderer"}}
{"timestamp":"2026-09-27T22:12:30.318Z","level":"info","event":"job.started","fields":{"jobId":"01a0e4ed-4072-7751-a829-3414d2e89dc7","jobType":"lesson.render","projectId":"01a0e4ea-dd16-7128-b447-9cb1f7e1be39","correlationId":"01a0e4ed-3d7b-786a-aef3-bb07e272f351","attempt":1,"service":"renderer"}}
{"timestamp":"2026-09-27T22:13:02.519Z","level":"error","event":"worker.consumer_failed","fields":{"queueName":"render","service":"renderer"}}
{"timestamp":"2026-09-27T22:13:10.022Z","level":"error","event":"worker.consumer_failed","fields":{"queueName":"render","service":"renderer"}}
{"timestamp":"2026-09-27T22:13:17.524Z","level":"error","event":"worker.consumer_failed","fields":{"queueName":"render","service":"renderer"}}
{"timestamp":"2026-09-27T22:13:52.417Z","level":"error","event":"worker.consumer_failed","fields":{"queueName":"render","service":"renderer"}}
{"timestamp":"2026-09-27T22:13:59.931Z","level":"error","event":"worker.consumer_failed","fields":{"queueName":"render","service":"renderer"}}
{"timestamp":"2026-09-27T22:14:07.436Z","level":"error","event":"worker.consumer_failed","fields":{"queueName":"render","service":"renderer"}}
{"timestamp":"2026-09-27T22:14:15.055Z","level":"error","event":"worker.consumer_failed","fields":{"queueName":"render","service":"renderer"}}
{"timestamp":"2026-09-27T22:14:22.616Z","level":"error","event":"worker.consumer_failed","fields":{"queueName":"render","service":"renderer"}}
{"timestamp":"2026-09-27T22:14:30.119Z","level":"error","event":"worker.consumer_failed","fields":{"queueName":"render","service":"renderer"}}
{"timestamp":"2026-09-27T22:14:37.631Z","level":"error","event":"worker.consumer_failed","fields":{"queueName":"render","service":"renderer"}}
{"timestamp":"2026-09-27T22:14:45.136Z","level":"error","event":"worker.consumer_failed","fields":{"queueName":"render","service":"renderer"}}
{"timestamp":"2026-09-27T22:14:54.194Z","level":"error","event":"worker.consumer_failed","fields":{"queueName":"render","service":"renderer"}}
{"timestamp":"2026-09-27T22:15:01.702Z","level":"error","event":"worker.consumer_failed","fields":{"queueName":"render","service":"renderer"}}
{"timestamp":"2026-09-27T22:15:09.215Z","level":"error","event":"worker.consumer_failed","fields":{"queueName":"render","service":"renderer"}}
{"timestamp":"2026-09-27T22:15:17.386Z","level":"error","event":"worker.consumer_failed","fields":{"queueName":"render","service":"renderer"}}
{"timestamp":"2026-09-27T22:15:25.185Z","level":"error","event":"worker.consumer_failed","fields":{"queueName":"render","service":"renderer"}}
{"timestamp":"2026-09-27T22:15:33.291Z","level":"error","event":"worker.consumer_failed","fields":{"queueName":"render","service":"renderer"}}
{"timestamp":"2026-09-27T22:15:40.917Z","level":"error","event":"worker.consumer_failed","fields":{"queueName":"render","service":"renderer"}}
{"timestamp":"2026-09-27T22:15:48.423Z","level":"error","event":"worker.consumer_failed","fields":{"queueName":"render","service":"renderer"}}
{"timestamp":"2026-09-27T22:15:55.927Z","level":"error","event":"worker.consumer_failed","fields":{"queueName":"render","service":"renderer"}}
{"timestamp":"2026-09-27T22:16:03.442Z","level":"error","event":"worker.consumer_failed","fields":{"queueName":"render","service":"renderer"}}
{"timestamp":"2026-09-27T22:16:10.950Z","level":"error","event":"worker.consumer_failed","fields":{"queueName":"render","service":"renderer"}}
{"timestamp":"2026-09-27T22:16:18.453Z","level":"error","event":"worker.consumer_failed","fields":{"queueName":"render","service":"renderer"}}
{"timestamp":"2026-09-27T22:16:25.960Z","level":"error","event":"worker.consumer_failed","fields":{"queueName":"render","service":"renderer"}}
{"timestamp":"2026-09-27T22:16:33.466Z","level":"error","event":"worker.consumer_failed","fields":{"queueName":"render","service":"renderer"}}
{"timestamp":"2026-09-27T22:16:40.976Z","level":"error","event":"worker.consumer_failed","fields":{"queueName":"render","service":"renderer"}}
{"timestamp":"2026-09-27T22:16:48.480Z","level":"error","event":"worker.consumer_failed","fields":{"queueName":"render","service":"renderer"}}
{"timestamp":"2026-09-27T22:16:55.989Z","level":"error","event":"worker.consumer_failed","fields":{"queueName":"render","service":"renderer"}}
{"timestamp":"2026-09-27T22:17:03.491Z","level":"error","event":"worker.consumer_failed","fields":{"queueName":"render","service":"renderer"}}
{"timestamp":"2026-09-27T22:17:11.004Z","level":"error","event":"worker.consumer_failed","fields":{"queueName":"render","service":"renderer"}}
{"timestamp":"2026-09-27T22:17:18.509Z","level":"error","event":"worker.consumer_failed","fields":{"queueName":"render","service":"renderer"}}
{"timestamp":"2026-09-27T22:17:26.014Z","level":"error","event":"worker.consumer_failed","fields":{"queueName":"render","service":"renderer"}}
{"timestamp":"2026-09-27T22:17:33.523Z","level":"error","event":"worker.consumer_failed","fields":{"queueName":"render","service":"renderer"}}
{"timestamp":"2026-09-27T22:17:41.029Z","level":"error","event":"worker.consumer_failed","fields":{"queueName":"render","service":"renderer"}}
{"timestamp":"2026-09-27T22:17:48.534Z","level":"error","event":"worker.consumer_failed","fields":{"queueName":"render","service":"renderer"}}
{"timestamp":"2026-09-27T22:17:56.040Z","level":"error","event":"worker.consumer_failed","fields":{"queueName":"render","service":"renderer"}}
{"timestamp":"2026-09-27T22:18:03.551Z","level":"error","event":"worker.consumer_failed","fields":{"queueName":"render","service":"renderer"}}
{"timestamp":"2026-09-27T22:18:11.059Z","level":"error","event":"worker.consumer_failed","fields":{"queueName":"render","service":"renderer"}}
{"timestamp":"2026-09-27T22:18:18.583Z","level":"error","event":"worker.consumer_failed","fields":{"queueName":"render","service":"renderer"}}
{"timestamp":"2026-09-27T22:18:26.372Z","level":"error","event":"worker.consumer_failed","fields":{"queueName":"render","service":"renderer"}}
{"timestamp":"2026-09-27T22:18:33.877Z","level":"error","event":"worker.consumer_failed","fields":{"queueName":"render","service":"renderer"}}
{"timestamp":"2026-09-27T22:18:41.386Z","level":"error","event":"worker.consumer_failed","fields":{"queueName":"render","service":"renderer"}}
{"timestamp":"2026-09-27T22:18:48.893Z","level":"error","event":"worker.consumer_failed","fields":{"queueName":"render","service":"renderer"}}
{"timestamp":"2026-09-27T22:19:13.769Z","level":"error","event":"worker.consumer_failed","fields":{"queueName":"render","service":"renderer"}}
{"timestamp":"2026-09-27T22:19:21.279Z","level":"error","event":"worker.consumer_failed","fields":{"queueName":"render","service":"renderer"}}
{"timestamp":"2026-09-27T22:19:28.783Z","level":"error","event":"worker.consumer_failed","fields":{"queueName":"render","service":"renderer"}}
{"timestamp":"2026-09-27T22:19:36.293Z","level":"error","event":"worker.consumer_failed","fields":{"queueName":"render","service":"renderer"}}
{"timestamp":"2026-09-27T22:19:43.801Z","level":"error","event":"worker.consumer_failed","fields":{"queueName":"render","service":"renderer"}}
{"timestamp":"2026-09-27T22:19:51.314Z","level":"error","event":"worker.consumer_failed","fields":{"queueName":"render","service":"renderer"}}
{"timestamp":"2026-09-27T22:19:58.824Z","level":"error","event":"worker.consumer_failed","fields":{"queueName":"render","service":"renderer"}}
{"timestamp":"2026-09-27T22:20:06.332Z","level":"error","event":"worker.consumer_failed","fields":{"queueName":"render","service":"renderer"}}
{"timestamp":"2026-09-27T22:20:13.838Z","level":"error","event":"worker.consumer_failed","fields":{"queueName":"render","service":"renderer"}}
{"timestamp":"2026-09-27T22:20:21.349Z","level":"error","event":"worker.consumer_failed","fields":{"queueName":"render","service":"renderer"}}
{"timestamp":"2026-09-27T22:20:28.859Z","level":"error","event":"worker.consumer_failed","fields":{"queueName":"render","service":"renderer"}}
{"timestamp":"2026-09-27T22:20:36.369Z","level":"error","event":"worker.consumer_failed","fields":{"queueName":"render","service":"renderer"}}
{"timestamp":"2026-09-27T22:20:43.874Z","level":"error","event":"worker.consumer_failed","fields":{"queueName":"render","service":"renderer"}}
{"timestamp":"2026-09-27T22:20:51.388Z","level":"error","event":"worker.consumer_failed","fields":{"queueName":"render","service":"renderer"}}
{"timestamp":"2026-09-27T22:21:16.305Z","level":"error","event":"worker.consumer_failed","fields":{"queueName":"render","service":"renderer"}}
{"timestamp":"2026-09-27T22:21:23.811Z","level":"error","event":"worker.consumer_failed","fields":{"queueName":"render","service":"renderer"}}
{"timestamp":"2026-09-27T22:21:31.319Z","level":"error","event":"worker.consumer_failed","fields":{"queueName":"render","service":"renderer"}}
{"timestamp":"2026-09-27T22:21:38.828Z","level":"error","event":"worker.consumer_failed","fields":{"queueName":"render","service":"renderer"}}
{"timestamp":"2026-09-27T22:21:41.700Z","level":"info","event":"render.reviewed","fields":{"correlationId":"01a0e4ed-3d7b-786a-aef3-bb07e272f351","findingCodes":"LOUDNESS_OUT_OF_RANGE","jobId":"01a0e4ed-4072-7751-a829-3414d2e89dc7","outcome":"passed","projectId":"01a0e4ea-dd16-7128-b447-9cb1f7e1be39","reviewVersion":"render-review-v1","service":"renderer"}}
{"timestamp":"2026-09-27T22:21:46.398Z","level":"error","event":"worker.consumer_failed","fields":{"queueName":"render","service":"renderer"}}
{"timestamp":"2026-09-27T22:21:53.904Z","level":"error","event":"worker.consumer_failed","fields":{"queueName":"render","service":"renderer"}}
{"timestamp":"2026-09-27T22:22:01.414Z","level":"error","event":"worker.consumer_failed","fields":{"queueName":"render","service":"renderer"}}
{"timestamp":"2026-09-27T22:22:08.922Z","level":"error","event":"worker.consumer_failed","fields":{"queueName":"render","service":"renderer"}}
{"timestamp":"2026-09-27T22:22:16.431Z","level":"error","event":"worker.consumer_failed","fields":{"queueName":"render","service":"renderer"}}
{"timestamp":"2026-09-27T22:22:20.529Z","level":"info","event":"render.completed","fields":{"correlationId":"01a0e4ed-3d7b-786a-aef3-bb07e272f351","jobId":"01a0e4ed-4072-7751-a829-3414d2e89dc7","projectId":"01a0e4ea-dd16-7128-b447-9cb1f7e1be39","reused":false,"service":"renderer"}}
{"timestamp":"2026-09-27T22:22:20.553Z","level":"info","event":"job.completed","fields":{"jobId":"01a0e4ed-4072-7751-a829-3414d2e89dc7","jobType":"lesson.render","projectId":"01a0e4ea-dd16-7128-b447-9cb1f7e1be39","correlationId":"01a0e4ed-3d7b-786a-aef3-bb07e272f351","attempt":1,"status":"succeeded","errorClassification":"none","durationMs":590234,"service":"renderer"}}
{"timestamp":"2026-09-27T22:22:20.607Z","level":"error","event":"worker.consumer_failed","fields":{"queueName":"render","service":"renderer"}}
{"timestamp":"2026-09-27T22:22:20.630Z","level":"error","event":"worker.consumer_failed","fields":{"queueName":"render","service":"renderer"}}
{"timestamp":"2026-09-27T22:22:20.673Z","level":"info","event":"job.started","fields":{"jobId":"01a0e4ed-5613-7615-a9e8-5054d1f9773d","jobType":"lesson.render","projectId":"01a0e4ea-dd17-7650-930b-27f60525a6e1","correlationId":"01a0e4ed-5550-77a2-987d-cf6feb54e80c","attempt":1,"service":"renderer"}}
{"timestamp":"2026-09-27T22:28:45.284Z","level":"info","event":"render.reviewed","fields":{"correlationId":"01a0e4ed-5550-77a2-987d-cf6feb54e80c","findingCodes":"LOUDNESS_OUT_OF_RANGE","jobId":"01a0e4ed-5613-7615-a9e8-5054d1f9773d","outcome":"passed","projectId":"01a0e4ea-dd17-7650-930b-27f60525a6e1","reviewVersion":"render-review-v1","service":"renderer"}}
{"timestamp":"2026-09-27T22:28:50.945Z","level":"info","event":"render.completed","fields":{"correlationId":"01a0e4ed-5550-77a2-987d-cf6feb54e80c","jobId":"01a0e4ed-5613-7615-a9e8-5054d1f9773d","projectId":"01a0e4ea-dd17-7650-930b-27f60525a6e1","reused":false,"service":"renderer"}}
{"timestamp":"2026-09-27T22:28:50.972Z","level":"info","event":"job.completed","fields":{"jobId":"01a0e4ed-5613-7615-a9e8-5054d1f9773d","jobType":"lesson.render","projectId":"01a0e4ea-dd17-7650-930b-27f60525a6e1","correlationId":"01a0e4ed-5550-77a2-987d-cf6feb54e80c","attempt":1,"status":"succeeded","errorClassification":"none","durationMs":390298,"service":"renderer"}}
{"timestamp":"2026-09-27T22:28:51.025Z","level":"info","event":"job.started","fields":{"jobId":"01a0e4ed-561b-7982-9275-4a0d2034ad8a","jobType":"lesson.render","projectId":"01a0e4ea-dd16-7c7d-971f-48bc3a93155e","correlationId":"01a0e4ed-5551-7cd0-9a2a-471b26b723df","attempt":1,"service":"renderer"}}
{"timestamp":"2026-09-27T22:35:05.423Z","level":"info","event":"render.reviewed","fields":{"correlationId":"01a0e4ed-5551-7cd0-9a2a-471b26b723df","findingCodes":"LOUDNESS_OUT_OF_RANGE","jobId":"01a0e4ed-561b-7982-9275-4a0d2034ad8a","outcome":"passed","projectId":"01a0e4ea-dd16-7c7d-971f-48bc3a93155e","reviewVersion":"render-review-v1","service":"renderer"}}
{"timestamp":"2026-09-27T22:35:11.787Z","level":"info","event":"render.completed","fields":{"correlationId":"01a0e4ed-5551-7cd0-9a2a-471b26b723df","jobId":"01a0e4ed-561b-7982-9275-4a0d2034ad8a","projectId":"01a0e4ea-dd16-7c7d-971f-48bc3a93155e","reused":false,"service":"renderer"}}
{"timestamp":"2026-09-27T22:35:11.808Z","level":"info","event":"job.completed","fields":{"jobId":"01a0e4ed-561b-7982-9275-4a0d2034ad8a","jobType":"lesson.render","projectId":"01a0e4ea-dd16-7c7d-971f-48bc3a93155e","correlationId":"01a0e4ed-5551-7cd0-9a2a-471b26b723df","attempt":1,"status":"succeeded","errorClassification":"none","durationMs":380783,"service":"renderer"}}
D:\Eronmonsele\Documents\SoundMinds\product-app\apps\renderer:
 ERR_PNPM_RECURSIVE_RUN_FIRST_FAIL  @avlp/renderer@0.0.0 dev: `tsx watch --env-file=../../.env src/main.ts`
Exit status 4294967295
