INFO:     Started server process [32088]
INFO:     Waiting for application startup.
INFO:     Application startup complete.
INFO:     Uvicorn running on http://127.0.0.1:8000 (Press CTRL+C to quit)
Loading weights:   0%|          | 0/770 [00:00<?, ?it/s]Loading weights:   0%|          | 1/770 [00:00<03:42,  3.46it/s]Loading weights:  32%|███▏      | 245/770 [00:00<00:00, 770.41it/s]Loading weights:  60%|██████    | 465/770 [00:00<00:00, 1212.92it/s]Loading weights: 100%|██████████| 770/770 [00:00<00:00, 1404.65it/s]
D:\Eronmonsele\Documents\SoundMinds\product-app\services\ingestion\.venv\Lib\site-packages\pydantic\_internal\_generate_schema.py:2274: UnsupportedFieldAttributeWarning: The 'alias' attribute with value 'schemaVersion' was provided to the `Field()` function, which has no effect in the context it was used. 'alias' is field-specific metadata, and can only be attached to a model field using `Annotated` metadata or by assignment. This may have happened because an `Annotated` type alias using the `type` statement was used, or if the `Field()` function was attached to a single member of a union type.
  warnings.warn(
D:\Eronmonsele\Documents\SoundMinds\product-app\services\ingestion\.venv\Lib\site-packages\pydantic\_internal\_generate_schema.py:2274: UnsupportedFieldAttributeWarning: The 'validation_alias' attribute with value 'schemaVersion' was provided to the `Field()` function, which has no effect in the context it was used. 'validation_alias' is field-specific metadata, and can only be attached to a model field using `Annotated` metadata or by assignment. This may have happened because an `Annotated` type alias using the `type` statement was used, or if the `Field()` function was attached to a single member of a union type.
  warnings.warn(
D:\Eronmonsele\Documents\SoundMinds\product-app\services\ingestion\.venv\Lib\site-packages\pydantic\_internal\_generate_schema.py:2274: UnsupportedFieldAttributeWarning: The 'serialization_alias' attribute with value 'schemaVersion' was provided to the `Field()` function, which has no effect in the context it was used. 'serialization_alias' is field-specific metadata, and can only be attached to a model field using `Annotated` metadata or by assignment. This may have happened because an `Annotated` type alias using the `type` statement was used, or if the `Field()` function was attached to a single member of a union type.
  warnings.warn(
D:\Eronmonsele\Documents\SoundMinds\product-app\services\ingestion\.venv\Lib\site-packages\pydantic\_internal\_generate_schema.py:2274: UnsupportedFieldAttributeWarning: The 'alias' attribute with value 'jobId' was provided to the `Field()` function, which has no effect in the context it was used. 'alias' is field-specific metadata, and can only be attached to a model field using `Annotated` metadata or by assignment. This may have happened because an `Annotated` type alias using the `type` statement was used, or if the `Field()` function was attached to a single member of a union type.
  warnings.warn(
D:\Eronmonsele\Documents\SoundMinds\product-app\services\ingestion\.venv\Lib\site-packages\pydantic\_internal\_generate_schema.py:2274: UnsupportedFieldAttributeWarning: The 'validation_alias' attribute with value 'jobId' was provided to the `Field()` function, which has no effect in the context it was used. 'validation_alias' is field-specific metadata, and can only be attached to a model field using `Annotated` metadata or by assignment. This may have happened because an `Annotated` type alias using the `type` statement was used, or if the `Field()` function was attached to a single member of a union type.
  warnings.warn(
D:\Eronmonsele\Documents\SoundMinds\product-app\services\ingestion\.venv\Lib\site-packages\pydantic\_internal\_generate_schema.py:2274: UnsupportedFieldAttributeWarning: The 'serialization_alias' attribute with value 'jobId' was provided to the `Field()` function, which has no effect in the context it was used. 'serialization_alias' is field-specific metadata, and can only be attached to a model field using `Annotated` metadata or by assignment. This may have happened because an `Annotated` type alias using the `type` statement was used, or if the `Field()` function was attached to a single member of a union type.
  warnings.warn(
D:\Eronmonsele\Documents\SoundMinds\product-app\services\ingestion\.venv\Lib\site-packages\pydantic\_internal\_generate_schema.py:2274: UnsupportedFieldAttributeWarning: The 'alias' attribute with value 'sourceDocumentId' was provided to the `Field()` function, which has no effect in the context it was used. 'alias' is field-specific metadata, and can only be attached to a model field using `Annotated` metadata or by assignment. This may have happened because an `Annotated` type alias using the `type` statement was used, or if the `Field()` function was attached to a single member of a union type.
  warnings.warn(
D:\Eronmonsele\Documents\SoundMinds\product-app\services\ingestion\.venv\Lib\site-packages\pydantic\_internal\_generate_schema.py:2274: UnsupportedFieldAttributeWarning: The 'validation_alias' attribute with value 'sourceDocumentId' was provided to the `Field()` function, which has no effect in the context it was used. 'validation_alias' is field-specific metadata, and can only be attached to a model field using `Annotated` metadata or by assignment. This may have happened because an `Annotated` type alias using the `type` statement was used, or if the `Field()` function was attached to a single member of a union type.
  warnings.warn(
D:\Eronmonsele\Documents\SoundMinds\product-app\services\ingestion\.venv\Lib\site-packages\pydantic\_internal\_generate_schema.py:2274: UnsupportedFieldAttributeWarning: The 'serialization_alias' attribute with value 'sourceDocumentId' was provided to the `Field()` function, which has no effect in the context it was used. 'serialization_alias' is field-specific metadata, and can only be attached to a model field using `Annotated` metadata or by assignment. This may have happened because an `Annotated` type alias using the `type` statement was used, or if the `Field()` function was attached to a single member of a union type.
  warnings.warn(
D:\Eronmonsele\Documents\SoundMinds\product-app\services\ingestion\.venv\Lib\site-packages\pydantic\_internal\_generate_schema.py:2274: UnsupportedFieldAttributeWarning: The 'alias' attribute with value 'sourceDownloadUrl' was provided to the `Field()` function, which has no effect in the context it was used. 'alias' is field-specific metadata, and can only be attached to a model field using `Annotated` metadata or by assignment. This may have happened because an `Annotated` type alias using the `type` statement was used, or if the `Field()` function was attached to a single member of a union type.
  warnings.warn(
D:\Eronmonsele\Documents\SoundMinds\product-app\services\ingestion\.venv\Lib\site-packages\pydantic\_internal\_generate_schema.py:2274: UnsupportedFieldAttributeWarning: The 'validation_alias' attribute with value 'sourceDownloadUrl' was provided to the `Field()` function, which has no effect in the context it was used. 'validation_alias' is field-specific metadata, and can only be attached to a model field using `Annotated` metadata or by assignment. This may have happened because an `Annotated` type alias using the `type` statement was used, or if the `Field()` function was attached to a single member of a union type.
  warnings.warn(
D:\Eronmonsele\Documents\SoundMinds\product-app\services\ingestion\.venv\Lib\site-packages\pydantic\_internal\_generate_schema.py:2274: UnsupportedFieldAttributeWarning: The 'serialization_alias' attribute with value 'sourceDownloadUrl' was provided to the `Field()` function, which has no effect in the context it was used. 'serialization_alias' is field-specific metadata, and can only be attached to a model field using `Annotated` metadata or by assignment. This may have happened because an `Annotated` type alias using the `type` statement was used, or if the `Field()` function was attached to a single member of a union type.
  warnings.warn(
D:\Eronmonsele\Documents\SoundMinds\product-app\services\ingestion\.venv\Lib\site-packages\pydantic\_internal\_generate_schema.py:2274: UnsupportedFieldAttributeWarning: The 'alias' attribute with value 'mediaType' was provided to the `Field()` function, which has no effect in the context it was used. 'alias' is field-specific metadata, and can only be attached to a model field using `Annotated` metadata or by assignment. This may have happened because an `Annotated` type alias using the `type` statement was used, or if the `Field()` function was attached to a single member of a union type.
  warnings.warn(
D:\Eronmonsele\Documents\SoundMinds\product-app\services\ingestion\.venv\Lib\site-packages\pydantic\_internal\_generate_schema.py:2274: UnsupportedFieldAttributeWarning: The 'validation_alias' attribute with value 'mediaType' was provided to the `Field()` function, which has no effect in the context it was used. 'validation_alias' is field-specific metadata, and can only be attached to a model field using `Annotated` metadata or by assignment. This may have happened because an `Annotated` type alias using the `type` statement was used, or if the `Field()` function was attached to a single member of a union type.
  warnings.warn(
D:\Eronmonsele\Documents\SoundMinds\product-app\services\ingestion\.venv\Lib\site-packages\pydantic\_internal\_generate_schema.py:2274: UnsupportedFieldAttributeWarning: The 'serialization_alias' attribute with value 'mediaType' was provided to the `Field()` function, which has no effect in the context it was used. 'serialization_alias' is field-specific metadata, and can only be attached to a model field using `Annotated` metadata or by assignment. This may have happened because an `Annotated` type alias using the `type` statement was used, or if the `Field()` function was attached to a single member of a union type.
  warnings.warn(
D:\Eronmonsele\Documents\SoundMinds\product-app\services\ingestion\.venv\Lib\site-packages\pydantic\_internal\_generate_schema.py:2274: UnsupportedFieldAttributeWarning: The 'alias' attribute with value 'parserVersion' was provided to the `Field()` function, which has no effect in the context it was used. 'alias' is field-specific metadata, and can only be attached to a model field using `Annotated` metadata or by assignment. This may have happened because an `Annotated` type alias using the `type` statement was used, or if the `Field()` function was attached to a single member of a union type.
  warnings.warn(
D:\Eronmonsele\Documents\SoundMinds\product-app\services\ingestion\.venv\Lib\site-packages\pydantic\_internal\_generate_schema.py:2274: UnsupportedFieldAttributeWarning: The 'validation_alias' attribute with value 'parserVersion' was provided to the `Field()` function, which has no effect in the context it was used. 'validation_alias' is field-specific metadata, and can only be attached to a model field using `Annotated` metadata or by assignment. This may have happened because an `Annotated` type alias using the `type` statement was used, or if the `Field()` function was attached to a single member of a union type.
  warnings.warn(
D:\Eronmonsele\Documents\SoundMinds\product-app\services\ingestion\.venv\Lib\site-packages\pydantic\_internal\_generate_schema.py:2274: UnsupportedFieldAttributeWarning: The 'serialization_alias' attribute with value 'parserVersion' was provided to the `Field()` function, which has no effect in the context it was used. 'serialization_alias' is field-specific metadata, and can only be attached to a model field using `Annotated` metadata or by assignment. This may have happened because an `Annotated` type alias using the `type` statement was used, or if the `Field()` function was attached to a single member of a union type.
  warnings.warn(
D:\Eronmonsele\Documents\SoundMinds\product-app\services\ingestion\.venv\Lib\site-packages\pydantic\_internal\_generate_schema.py:2274: UnsupportedFieldAttributeWarning: The 'alias' attribute with value 'correlationId' was provided to the `Field()` function, which has no effect in the context it was used. 'alias' is field-specific metadata, and can only be attached to a model field using `Annotated` metadata or by assignment. This may have happened because an `Annotated` type alias using the `type` statement was used, or if the `Field()` function was attached to a single member of a union type.
  warnings.warn(
D:\Eronmonsele\Documents\SoundMinds\product-app\services\ingestion\.venv\Lib\site-packages\pydantic\_internal\_generate_schema.py:2274: UnsupportedFieldAttributeWarning: The 'validation_alias' attribute with value 'correlationId' was provided to the `Field()` function, which has no effect in the context it was used. 'validation_alias' is field-specific metadata, and can only be attached to a model field using `Annotated` metadata or by assignment. This may have happened because an `Annotated` type alias using the `type` statement was used, or if the `Field()` function was attached to a single member of a union type.
  warnings.warn(
D:\Eronmonsele\Documents\SoundMinds\product-app\services\ingestion\.venv\Lib\site-packages\pydantic\_internal\_generate_schema.py:2274: UnsupportedFieldAttributeWarning: The 'serialization_alias' attribute with value 'correlationId' was provided to the `Field()` function, which has no effect in the context it was used. 'serialization_alias' is field-specific metadata, and can only be attached to a model field using `Annotated` metadata or by assignment. This may have happened because an `Annotated` type alias using the `type` statement was used, or if the `Field()` function was attached to a single member of a union type.
  warnings.warn(
INFO:     127.0.0.1:50521 - "POST /v1/ingestion-jobs HTTP/1.1" 200 OK
INFO:     127.0.0.1:54513 - "POST /v1/ingestion-jobs HTTP/1.1" 200 OK
INFO:     127.0.0.1:54513 - "POST /v1/ingestion-jobs HTTP/1.1" 200 OK
INFO:     127.0.0.1:65054 - "POST /v1/ingestion-jobs HTTP/1.1" 200 OK
INFO:     127.0.0.1:58424 - "POST /v1/ingestion-jobs HTTP/1.1" 200 OK
INFO:     127.0.0.1:58424 - "POST /v1/ingestion-jobs HTTP/1.1" 200 OK
INFO:     127.0.0.1:51737 - "POST /v1/ingestion-jobs HTTP/1.1" 200 OK
INFO:     127.0.0.1:51737 - "POST /v1/ingestion-jobs HTTP/1.1" 200 OK
INFO:     127.0.0.1:51737 - "POST /v1/ingestion-jobs HTTP/1.1" 200 OK
^C