  [biology] 1-workspace-entry  http://localhost:3000/workspace
  [history] 10-attention-card  http://localhost:3000/workspace/01a0e3e2-50b2-7bb2-9f78-2463cc3ef883/one-shot
  [finance] 10-attention-card  http://localhost:3000/workspace/01a0e3e2-50d3-7ba3-8960-544c14e3ae86/one-shot
  [finance] 11-wizard-with-run-link  http://localhost:3000/workspace/01a0e3e2-50d3-7ba3-8960-544c14e3ae86/storyboard
  [history] 11-wizard-with-run-link  http://localhost:3000/workspace/01a0e3e2-50b2-7bb2-9f78-2463cc3ef883/storyboard
  [finance] audio retry -> 202
  [history] audio retry -> 202
  [history] 12-resumed-progress  http://localhost:3000/workspace/01a0e3e2-50b2-7bb2-9f78-2463cc3ef883/one-shot
  [finance] 12-resumed-progress  http://localhost:3000/workspace/01a0e3e2-50d3-7ba3-8960-544c14e3ae86/one-shot
  [finance] 13-approval  http://localhost:3000/workspace/01a0e3e2-50d3-7ba3-8960-544c14e3ae86/one-shot
  [finance] 14-rendering  http://localhost:3000/workspace/01a0e3e2-50d3-7ba3-8960-544c14e3ae86/one-shot
  [history] 13-approval  http://localhost:3000/workspace/01a0e3e2-50b2-7bb2-9f78-2463cc3ef883/one-shot
  [biology] 2-offtopic-not_covered  http://localhost:3000/workspace/01a0e43e-6cc7-7029-b0f8-98a344e9c09e/one-shot
  [history] 14-rendering  http://localhost:3000/workspace/01a0e3e2-50b2-7bb2-9f78-2463cc3ef883/one-shot
  [biology] 3-request-estimate  http://localhost:3000/workspace/01a0e43e-6cc7-7029-b0f8-98a344e9c09e/one-shot
  [biology] 4-progress  http://localhost:3000/workspace/01a0e43e-6cc7-7029-b0f8-98a344e9c09e/one-shot
  [biology] 5-progress-after-reload  http://localhost:3000/workspace/01a0e43e-6cc7-7029-b0f8-98a344e9c09e/one-shot
  [biology] 6-progress-phone  http://localhost:3000/workspace/01a0e43e-6cc7-7029-b0f8-98a344e9c09e/one-shot
  [biology] 7-approval  http://localhost:3000/workspace/01a0e43e-6cc7-7029-b0f8-98a344e9c09e/one-shot
  [biology] 8-rendering  http://localhost:3000/workspace/01a0e43e-6cc7-7029-b0f8-98a344e9c09e/one-shot
  [finance] 15-delivery-completed  http://localhost:3000/workspace/01a0e3e2-50d3-7ba3-8960-544c14e3ae86/one-shot
  [history] 15-delivery-completed  http://localhost:3000/workspace/01a0e3e2-50b2-7bb2-9f78-2463cc3ef883/one-shot
  [biology] 9-delivery-rendering  http://localhost:3000/workspace/01a0e43e-6cc7-7029-b0f8-98a344e9c09e/one-shot
[
  {
    "subject": "finance (resumed)",
    "projectId": "01a0e3e2-50d3-7ba3-8960-544c14e3ae86",
    "wizardLink": "/workspace/01a0e3e2-50d3-7ba3-8960-544c14e3ae86/storyboard",
    "status": "completed",
    "downloaded": "compound-interest-formula-frequency-and-time-v1.mp4",
    "cost": "$0.05",
    "promptInUrl": true,
    "minutes": "11.5"
  },
  {
    "subject": "history (resumed)",
    "projectId": "01a0e3e2-50b2-7bb2-9f78-2463cc3ef883",
    "wizardLink": "/workspace/01a0e3e2-50b2-7bb2-9f78-2463cc3ef883/storyboard",
    "status": "completed",
    "downloaded": "power-sharing-between-consuls-senate-and-tribunes-v1.mp4",
    "cost": "$0.05",
    "promptInUrl": false,
    "minutes": "16.0"
  },
  {
    "subject": "biology",
    "projectId": "01a0e43e-6cc7-7029-b0f8-98a344e9c09e",
    "status": "rendering",
    "downloaded": null,
    "cost": "$0.06",
    "phoneOverflowPx": 0,
    "promptInUrl": false,
    "minutes": "18.6",
    "pageErrors": []
  }
]
