  [biology] 1-workspace-entry  http://localhost:3000/workspace
  [finance] 10-attention-card  http://localhost:3000/workspace/01a0e3e2-50d3-7ba3-8960-544c14e3ae86/one-shot
  [history] 10-attention-card  http://localhost:3000/workspace/01a0e3e2-50b2-7bb2-9f78-2463cc3ef883/one-shot
  [finance] 11-wizard-with-run-link  http://localhost:3000/workspace/01a0e3e2-50d3-7ba3-8960-544c14e3ae86/storyboard
  [history] 11-wizard-with-run-link  http://localhost:3000/workspace/01a0e3e2-50b2-7bb2-9f78-2463cc3ef883/storyboard
  [biology] 2-offtopic-not_covered  http://localhost:3000/workspace/01a0e3eb-1768-7c43-86c1-434a4f74da75/one-shot
  [biology] 3-request-estimate  http://localhost:3000/workspace/01a0e3eb-1768-7c43-86c1-434a4f74da75/one-shot
  [finance] 98-resume-error  http://localhost:3000/workspace/01a0e3e2-50d3-7ba3-8960-544c14e3ae86/one-shot
  [history] 98-resume-error  http://localhost:3000/workspace/01a0e3e2-50b2-7bb2-9f78-2463cc3ef883/one-shot
  [biology] 99-error  http://localhost:3000/workspace/01a0e3eb-1768-7c43-86c1-434a4f74da75/one-shot
[
  {
    "subject": "finance (resumed)",
    "error": "Error: timed out waiting for progress/approval"
  },
  {
    "subject": "history (resumed)",
    "error": "Error: timed out waiting for progress/approval"
  },
  {
    "subject": "biology",
    "error": "Error: timed out waiting for progress",
    "pageErrors": []
  }
]
exit 0
