{"timestamp":"2026-09-30T08:25:54.131Z","level":"info","event":"worker.started","fields":{"service":"renderer"}}
{"timestamp":"2026-09-30T08:25:54.571Z","level":"info","event":"job.started","fields":{"jobId":"01a0f16a-7ed7-73bb-863c-6dd68868af9b","jobType":"lesson.render","projectId":"01a0f157-88f9-7296-a2b4-4b2f7d919094","correlationId":"01a0f16a-7da0-7443-b2e6-ada8a0356ecd","attempt":1,"service":"renderer"}}
{"timestamp":"2026-09-30T08:26:46.344Z","level":"error","event":"worker.consumer_failed","fields":{"queueName":"render","service":"renderer"}}
{"timestamp":"2026-09-30T08:26:53.870Z","level":"error","event":"worker.consumer_failed","fields":{"queueName":"render","service":"renderer"}}
{"timestamp":"2026-09-30T08:27:01.377Z","level":"error","event":"worker.consumer_failed","fields":{"queueName":"render","service":"renderer"}}
{"timestamp":"2026-09-30T08:27:08.894Z","level":"error","event":"worker.consumer_failed","fields":{"queueName":"render","service":"renderer"}}
{"timestamp":"2026-09-30T08:27:16.452Z","level":"error","event":"worker.consumer_failed","fields":{"queueName":"render","service":"renderer"}}
{"timestamp":"2026-09-30T08:27:23.955Z","level":"error","event":"worker.consumer_failed","fields":{"queueName":"render","service":"renderer"}}
{"timestamp":"2026-09-30T08:27:35.293Z","level":"error","event":"worker.consumer_failed","fields":{"queueName":"render","service":"renderer"}}
{"timestamp":"2026-09-30T08:27:42.799Z","level":"error","event":"worker.consumer_failed","fields":{"queueName":"render","service":"renderer"}}
{"timestamp":"2026-09-30T08:27:50.305Z","level":"error","event":"worker.consumer_failed","fields":{"queueName":"render","service":"renderer"}}
{"timestamp":"2026-09-30T08:27:57.821Z","level":"error","event":"worker.consumer_failed","fields":{"queueName":"render","service":"renderer"}}
{"timestamp":"2026-09-30T08:28:05.340Z","level":"error","event":"worker.consumer_failed","fields":{"queueName":"render","service":"renderer"}}
{"timestamp":"2026-09-30T08:28:12.852Z","level":"error","event":"worker.consumer_failed","fields":{"queueName":"render","service":"renderer"}}
{"timestamp":"2026-09-30T08:28:20.354Z","level":"error","event":"worker.consumer_failed","fields":{"queueName":"render","service":"renderer"}}
{"timestamp":"2026-09-30T08:28:27.857Z","level":"error","event":"worker.consumer_failed","fields":{"queueName":"render","service":"renderer"}}
{"timestamp":"2026-09-30T08:28:35.373Z","level":"error","event":"worker.consumer_failed","fields":{"queueName":"render","service":"renderer"}}
{"timestamp":"2026-09-30T08:28:42.887Z","level":"error","event":"worker.consumer_failed","fields":{"queueName":"render","service":"renderer"}}
{"timestamp":"2026-09-30T08:28:50.392Z","level":"error","event":"worker.consumer_failed","fields":{"queueName":"render","service":"renderer"}}
{"timestamp":"2026-09-30T08:28:57.909Z","level":"error","event":"worker.consumer_failed","fields":{"queueName":"render","service":"renderer"}}
{"timestamp":"2026-09-30T08:29:05.417Z","level":"error","event":"worker.consumer_failed","fields":{"queueName":"render","service":"renderer"}}
{"timestamp":"2026-09-30T08:29:12.924Z","level":"error","event":"worker.consumer_failed","fields":{"queueName":"render","service":"renderer"}}
{"timestamp":"2026-09-30T08:29:20.435Z","level":"error","event":"worker.consumer_failed","fields":{"queueName":"render","service":"renderer"}}
{"timestamp":"2026-09-30T08:29:27.941Z","level":"error","event":"worker.consumer_failed","fields":{"queueName":"render","service":"renderer"}}
{"timestamp":"2026-09-30T08:29:35.446Z","level":"error","event":"worker.consumer_failed","fields":{"queueName":"render","service":"renderer"}}
{"timestamp":"2026-09-30T08:29:42.953Z","level":"error","event":"worker.consumer_failed","fields":{"queueName":"render","service":"renderer"}}
{"timestamp":"2026-09-30T08:29:50.457Z","level":"error","event":"worker.consumer_failed","fields":{"queueName":"render","service":"renderer"}}
{"timestamp":"2026-09-30T08:29:57.959Z","level":"error","event":"worker.consumer_failed","fields":{"queueName":"render","service":"renderer"}}
{"timestamp":"2026-09-30T08:30:05.470Z","level":"error","event":"worker.consumer_failed","fields":{"queueName":"render","service":"renderer"}}
{"timestamp":"2026-09-30T08:30:12.981Z","level":"error","event":"worker.consumer_failed","fields":{"queueName":"render","service":"renderer"}}
{"timestamp":"2026-09-30T08:30:20.490Z","level":"error","event":"worker.consumer_failed","fields":{"queueName":"render","service":"renderer"}}
{"timestamp":"2026-09-30T08:30:27.992Z","level":"error","event":"worker.consumer_failed","fields":{"queueName":"render","service":"renderer"}}
{"timestamp":"2026-09-30T08:30:35.500Z","level":"error","event":"worker.consumer_failed","fields":{"queueName":"render","service":"renderer"}}
{"timestamp":"2026-09-30T08:30:43.004Z","level":"error","event":"worker.consumer_failed","fields":{"queueName":"render","service":"renderer"}}
{"timestamp":"2026-09-30T08:30:50.513Z","level":"error","event":"worker.consumer_failed","fields":{"queueName":"render","service":"renderer"}}
{"timestamp":"2026-09-30T08:30:58.020Z","level":"error","event":"worker.consumer_failed","fields":{"queueName":"render","service":"renderer"}}
{"timestamp":"2026-09-30T08:31:05.529Z","level":"error","event":"worker.consumer_failed","fields":{"queueName":"render","service":"renderer"}}
{"timestamp":"2026-09-30T08:31:13.042Z","level":"error","event":"worker.consumer_failed","fields":{"queueName":"render","service":"renderer"}}
{"timestamp":"2026-09-30T08:31:20.549Z","level":"error","event":"worker.consumer_failed","fields":{"queueName":"render","service":"renderer"}}
{"timestamp":"2026-09-30T08:31:28.056Z","level":"error","event":"worker.consumer_failed","fields":{"queueName":"render","service":"renderer"}}
{"timestamp":"2026-09-30T08:31:35.573Z","level":"error","event":"worker.consumer_failed","fields":{"queueName":"render","service":"renderer"}}
{"timestamp":"2026-09-30T08:31:43.078Z","level":"error","event":"worker.consumer_failed","fields":{"queueName":"render","service":"renderer"}}
{"timestamp":"2026-09-30T08:31:55.573Z","level":"error","event":"worker.consumer_failed","fields":{"queueName":"render","service":"renderer"}}
{"timestamp":"2026-09-30T08:32:03.078Z","level":"error","event":"worker.consumer_failed","fields":{"queueName":"render","service":"renderer"}}
{"timestamp":"2026-09-30T08:32:09.578Z","level":"info","event":"render.reviewed","fields":{"correlationId":"01a0f16a-7da0-7443-b2e6-ada8a0356ecd","findingCodes":"NARRATION_SILENT,LOUDNESS_OUT_OF_RANGE","jobId":"01a0f16a-7ed7-73bb-863c-6dd68868af9b","outcome":"passed","projectId":"01a0f157-88f9-7296-a2b4-4b2f7d919094","reviewVersion":"render-review-v2","service":"renderer"}}
{"timestamp":"2026-09-30T08:32:10.608Z","level":"error","event":"worker.consumer_failed","fields":{"queueName":"render","service":"renderer"}}
{"timestamp":"2026-09-30T08:32:18.111Z","level":"error","event":"worker.consumer_failed","fields":{"queueName":"render","service":"renderer"}}
{"timestamp":"2026-09-30T08:32:25.618Z","level":"error","event":"worker.consumer_failed","fields":{"queueName":"render","service":"renderer"}}
{"timestamp":"2026-09-30T08:32:33.121Z","level":"error","event":"worker.consumer_failed","fields":{"queueName":"render","service":"renderer"}}
{"timestamp":"2026-09-30T08:32:37.045Z","level":"info","event":"render.completed","fields":{"correlationId":"01a0f16a-7da0-7443-b2e6-ada8a0356ecd","jobId":"01a0f16a-7ed7-73bb-863c-6dd68868af9b","projectId":"01a0f157-88f9-7296-a2b4-4b2f7d919094","reused":false,"service":"renderer"}}
{"timestamp":"2026-09-30T08:32:37.060Z","level":"info","event":"job.completed","fields":{"jobId":"01a0f16a-7ed7-73bb-863c-6dd68868af9b","jobType":"lesson.render","projectId":"01a0f157-88f9-7296-a2b4-4b2f7d919094","correlationId":"01a0f16a-7da0-7443-b2e6-ada8a0356ecd","attempt":1,"status":"succeeded","errorClassification":"none","durationMs":402490,"service":"renderer"}}
{"timestamp":"2026-09-30T08:32:37.103Z","level":"error","event":"worker.consumer_failed","fields":{"queueName":"render","service":"renderer"}}
{"timestamp":"2026-09-30T08:32:37.160Z","level":"error","event":"worker.consumer_failed","fields":{"queueName":"render","service":"renderer"}}
{"timestamp":"2026-09-30T08:32:37.182Z","level":"info","event":"job.started","fields":{"jobId":"01a0f16b-3643-7a6b-ac11-54b1b08640e0","jobType":"lesson.render","projectId":"01a0f157-88fb-7876-ac7b-94c9dc93e943","correlationId":"01a0f16b-33d5-7c89-93a1-ef977e16df79","attempt":1,"service":"renderer"}}
{"timestamp":"2026-09-30T08:35:45.318Z","level":"info","event":"render.reviewed","fields":{"correlationId":"01a0f16b-33d5-7c89-93a1-ef977e16df79","findingCodes":"NARRATION_SILENT,LOUDNESS_OUT_OF_RANGE","jobId":"01a0f16b-3643-7a6b-ac11-54b1b08640e0","outcome":"passed","projectId":"01a0f157-88fb-7876-ac7b-94c9dc93e943","reviewVersion":"render-review-v2","service":"renderer"}}
{"timestamp":"2026-09-30T08:35:49.175Z","level":"info","event":"render.completed","fields":{"correlationId":"01a0f16b-33d5-7c89-93a1-ef977e16df79","jobId":"01a0f16b-3643-7a6b-ac11-54b1b08640e0","projectId":"01a0f157-88fb-7876-ac7b-94c9dc93e943","reused":false,"service":"renderer"}}
{"timestamp":"2026-09-30T08:35:49.191Z","level":"info","event":"job.completed","fields":{"jobId":"01a0f16b-3643-7a6b-ac11-54b1b08640e0","jobType":"lesson.render","projectId":"01a0f157-88fb-7876-ac7b-94c9dc93e943","correlationId":"01a0f16b-33d5-7c89-93a1-ef977e16df79","attempt":1,"status":"succeeded","errorClassification":"none","durationMs":192008,"service":"renderer"}}
{"timestamp":"2026-09-30T08:44:14.918Z","level":"info","event":"job.started","fields":{"jobId":"01a0f17c-5c83-7c2d-a9bb-d77ab9d71ec5","jobType":"lesson.render","projectId":"01a0ecdc-8067-7926-814a-84d1a29920a5","correlationId":"01a0f17c-5b03-7cea-bc5e-e33bc794017f","attempt":1,"service":"renderer"}}
{"timestamp":"2026-09-30T08:50:15.511Z","level":"info","event":"render.reviewed","fields":{"correlationId":"01a0f17c-5b03-7cea-bc5e-e33bc794017f","findingCodes":"NARRATION_SILENT,LOUDNESS_OUT_OF_RANGE","jobId":"01a0f17c-5c83-7c2d-a9bb-d77ab9d71ec5","outcome":"passed","projectId":"01a0ecdc-8067-7926-814a-84d1a29920a5","reviewVersion":"render-review-v2","service":"renderer"}}
{"timestamp":"2026-09-30T08:50:21.083Z","level":"info","event":"render.completed","fields":{"correlationId":"01a0f17c-5b03-7cea-bc5e-e33bc794017f","jobId":"01a0f17c-5c83-7c2d-a9bb-d77ab9d71ec5","projectId":"01a0ecdc-8067-7926-814a-84d1a29920a5","reused":false,"service":"renderer"}}
{"timestamp":"2026-09-30T08:50:21.098Z","level":"info","event":"job.completed","fields":{"jobId":"01a0f17c-5c83-7c2d-a9bb-d77ab9d71ec5","jobType":"lesson.render","projectId":"01a0ecdc-8067-7926-814a-84d1a29920a5","correlationId":"01a0f17c-5b03-7cea-bc5e-e33bc794017f","attempt":1,"status":"succeeded","errorClassification":"none","durationMs":366182,"service":"renderer"}}
{"timestamp":"2026-09-30T08:51:41.200Z","level":"info","event":"job.started","fields":{"jobId":"01a0f183-2af3-7bce-849b-74336ae80144","jobType":"lesson.render","projectId":"01a0f157-88fb-7876-ac7b-94c9dc93e943","correlationId":"01a0f183-299e-708b-9192-bdc51dc39569","attempt":1,"service":"renderer"}}
{"timestamp":"2026-09-30T08:54:33.330Z","level":"info","event":"render.reviewed","fields":{"correlationId":"01a0f183-299e-708b-9192-bdc51dc39569","findingCodes":"NARRATION_SILENT,LOUDNESS_OUT_OF_RANGE","jobId":"01a0f183-2af3-7bce-849b-74336ae80144","outcome":"passed","projectId":"01a0f157-88fb-7876-ac7b-94c9dc93e943","reviewVersion":"render-review-v2","service":"renderer"}}
{"timestamp":"2026-09-30T08:54:35.394Z","level":"info","event":"render.completed","fields":{"correlationId":"01a0f183-299e-708b-9192-bdc51dc39569","jobId":"01a0f183-2af3-7bce-849b-74336ae80144","projectId":"01a0f157-88fb-7876-ac7b-94c9dc93e943","reused":false,"service":"renderer"}}
{"timestamp":"2026-09-30T08:54:35.409Z","level":"info","event":"job.completed","fields":{"jobId":"01a0f183-2af3-7bce-849b-74336ae80144","jobType":"lesson.render","projectId":"01a0f157-88fb-7876-ac7b-94c9dc93e943","correlationId":"01a0f183-299e-708b-9192-bdc51dc39569","attempt":1,"status":"succeeded","errorClassification":"none","durationMs":174209,"service":"renderer"}}
