
> @avlp/pipeline-worker@0.0.0 dev D:\Eronmonsele\Documents\repos\product-app\apps\pipeline-worker
> tsx watch --env-file=../../.env src/main.ts

{"timestamp":"2026-09-01T09:26:23.380Z","level":"info","event":"worker.started","fields":{"status":"ok","service":"pipeline-worker"}}
{"timestamp":"2026-09-01T09:31:13.036Z","level":"info","event":"queue.job_dispatched","fields":{"outboxEventId":"01a05c4e-e824-77d3-a217-41e7ca307ab4","jobId":"01a05c4e-e824-7857-98a8-7c08517c7d2f","projectId":"01a05c4e-0b77-77e9-a5d5-97b2cf6a0407","correlationId":"01a05c4e-e7d0-7c68-b006-68cb20a95eb0","queueName":"pipeline","service":"pipeline-worker"}}
{"timestamp":"2026-09-01T09:31:13.088Z","level":"info","event":"job.started","fields":{"jobId":"01a05c4e-e824-7857-98a8-7c08517c7d2f","jobType":"document.validation","projectId":"01a05c4e-0b77-77e9-a5d5-97b2cf6a0407","correlationId":"01a05c4e-e7d0-7c68-b006-68cb20a95eb0","attempt":1,"service":"pipeline-worker"}}
{"timestamp":"2026-09-01T09:31:14.193Z","level":"info","event":"job.completed","fields":{"jobId":"01a05c4e-e824-7857-98a8-7c08517c7d2f","jobType":"document.validation","projectId":"01a05c4e-0b77-77e9-a5d5-97b2cf6a0407","correlationId":"01a05c4e-e7d0-7c68-b006-68cb20a95eb0","attempt":1,"status":"succeeded","errorClassification":"none","durationMs":1106,"service":"pipeline-worker"}}
{"timestamp":"2026-09-01T09:31:17.104Z","level":"info","event":"queue.job_dispatched","fields":{"outboxEventId":"01a05c4e-f757-74e9-b599-3cde2ed05933","jobId":"01a05c4e-f757-78c9-8895-074134e5a6a4","projectId":"01a05c4e-0b77-77e9-a5d5-97b2cf6a0407","correlationId":"01a05c4e-e7d0-7c68-b006-68cb20a95eb0","queueName":"pipeline","service":"pipeline-worker"}}
{"timestamp":"2026-09-01T09:31:17.106Z","level":"info","event":"job.started","fields":{"jobId":"01a05c4e-f757-78c9-8895-074134e5a6a4","jobType":"document.ingestion","projectId":"01a05c4e-0b77-77e9-a5d5-97b2cf6a0407","correlationId":"01a05c4e-e7d0-7c68-b006-68cb20a95eb0","attempt":1,"service":"pipeline-worker"}}
{"timestamp":"2026-09-01T09:32:04.571Z","level":"info","event":"job.completed","fields":{"jobId":"01a05c4e-f757-78c9-8895-074134e5a6a4","jobType":"document.ingestion","projectId":"01a05c4e-0b77-77e9-a5d5-97b2cf6a0407","correlationId":"01a05c4e-e7d0-7c68-b006-68cb20a95eb0","attempt":1,"status":"succeeded","errorClassification":"none","durationMs":47465,"service":"pipeline-worker"}}
{"timestamp":"2026-09-01T09:36:36.769Z","level":"info","event":"queue.job_dispatched","fields":{"outboxEventId":"01a05c53-d863-739a-b23c-9c579669be26","jobId":"01a05c53-d863-7bdb-80eb-01f869fc99ea","projectId":"01a05c4e-0b77-77e9-a5d5-97b2cf6a0407","correlationId":"01a05c53-d831-7fae-88d2-97e693144d0f","queueName":"pipeline","service":"pipeline-worker"}}
{"timestamp":"2026-09-01T09:36:36.797Z","level":"info","event":"job.started","fields":{"jobId":"01a05c53-d863-7bdb-80eb-01f869fc99ea","jobType":"objectives.generate","projectId":"01a05c4e-0b77-77e9-a5d5-97b2cf6a0407","correlationId":"01a05c53-d831-7fae-88d2-97e693144d0f","attempt":1,"service":"pipeline-worker"}}
{"timestamp":"2026-09-01T09:36:38.213Z","level":"info","event":"job.completed","fields":{"jobId":"01a05c53-d863-7bdb-80eb-01f869fc99ea","jobType":"objectives.generate","projectId":"01a05c4e-0b77-77e9-a5d5-97b2cf6a0407","correlationId":"01a05c53-d831-7fae-88d2-97e693144d0f","attempt":1,"status":"failed","errorClassification":"terminal","durationMs":1415,"service":"pipeline-worker"}}
10:45:19 AM [tsx] change in ./..\..\packages\provider-adapters\dist\contracts.js Restarting...
10:45:19 AM [tsx] change in ./..\..\packages\provider-adapters\dist\cost.js Restarting...
10:45:19 AM [tsx] change in ./..\..\packages\provider-adapters\dist\prompts\narration-block\v1.js Restarting...
10:45:20 AM [tsx] change in ./..\..\packages\provider-adapters\dist\index.js Restarting...
{"timestamp":"2026-09-01T09:45:53.751Z","level":"info","event":"worker.started","fields":{"status":"ok","service":"pipeline-worker"}}
{"timestamp":"2026-09-01T09:47:57.665Z","level":"info","event":"queue.job_dispatched","fields":{"outboxEventId":"01a05c5e-3955-73df-b1b5-265727106671","jobId":"01a05c5e-3955-7bc9-a132-5a94c046ec9b","projectId":"01a05c4e-0b77-77e9-a5d5-97b2cf6a0407","correlationId":"01a05c5e-384c-7077-9059-9a2a5c9e76cc","queueName":"pipeline","service":"pipeline-worker"}}
{"timestamp":"2026-09-01T09:47:57.767Z","level":"info","event":"job.started","fields":{"jobId":"01a05c5e-3955-7bc9-a132-5a94c046ec9b","jobType":"objectives.generate","projectId":"01a05c4e-0b77-77e9-a5d5-97b2cf6a0407","correlationId":"01a05c5e-384c-7077-9059-9a2a5c9e76cc","attempt":1,"service":"pipeline-worker"}}
{"timestamp":"2026-09-01T09:50:58.748Z","level":"info","event":"job.completed","fields":{"jobId":"01a05c5e-3955-7bc9-a132-5a94c046ec9b","jobType":"objectives.generate","projectId":"01a05c4e-0b77-77e9-a5d5-97b2cf6a0407","correlationId":"01a05c5e-384c-7077-9059-9a2a5c9e76cc","attempt":1,"status":"retry_wait","errorClassification":"retryable","durationMs":180982,"service":"pipeline-worker"}}
{"timestamp":"2026-09-01T09:51:04.361Z","level":"info","event":"job.started","fields":{"jobId":"01a05c5e-3955-7bc9-a132-5a94c046ec9b","jobType":"objectives.generate","projectId":"01a05c4e-0b77-77e9-a5d5-97b2cf6a0407","correlationId":"01a05c5e-384c-7077-9059-9a2a5c9e76cc","attempt":2,"service":"pipeline-worker"}}
{"timestamp":"2026-09-01T09:54:05.209Z","level":"info","event":"job.completed","fields":{"jobId":"01a05c5e-3955-7bc9-a132-5a94c046ec9b","jobType":"objectives.generate","projectId":"01a05c4e-0b77-77e9-a5d5-97b2cf6a0407","correlationId":"01a05c5e-384c-7077-9059-9a2a5c9e76cc","attempt":2,"status":"retry_wait","errorClassification":"retryable","durationMs":180849,"service":"pipeline-worker"}}
{"timestamp":"2026-09-01T09:54:10.404Z","level":"info","event":"job.started","fields":{"jobId":"01a05c5e-3955-7bc9-a132-5a94c046ec9b","jobType":"objectives.generate","projectId":"01a05c4e-0b77-77e9-a5d5-97b2cf6a0407","correlationId":"01a05c5e-384c-7077-9059-9a2a5c9e76cc","attempt":3,"service":"pipeline-worker"}}
10:55:45 AM [tsx] change in ./..\..\packages\provider-adapters\dist\index.js Restarting...
{"timestamp":"2026-09-01T09:56:19.734Z","level":"info","event":"worker.started","fields":{"status":"ok","service":"pipeline-worker"}}
11:25:53 AM [tsx] change in ./src\runtime.ts Restarting...
{"timestamp":"2026-09-01T10:26:00.637Z","level":"info","event":"worker.started","fields":{"status":"ok","service":"pipeline-worker"}}
11:26:02 AM [tsx] change in ./src\runtime.ts Restarting...
11:26:54 AM [tsx] change in ./..\..\packages\jobs\dist\repository.js Rerunning...
11:26:54 AM [tsx] change in ./..\..\packages\jobs\dist\index.js Restarting...
{"timestamp":"2026-09-01T10:27:02.676Z","level":"info","event":"worker.started","fields":{"status":"ok","service":"pipeline-worker"}}
{"timestamp":"2026-09-01T10:27:03.133Z","level":"error","event":"job.lease_expired_abandoned","fields":{"jobId":"01a05c5e-3955-7bc9-a132-5a94c046ec9b","jobType":"objectives.generate","projectId":"01a05c4e-0b77-77e9-a5d5-97b2cf6a0407","correlationId":"01a05c5e-384c-7077-9059-9a2a5c9e76cc","attempt":3,"maxAttempts":3,"service":"pipeline-worker"}}
{"timestamp":"2026-09-01T10:36:38.427Z","level":"info","event":"queue.job_dispatched","fields":{"outboxEventId":"01a05c8a-ccb5-7fee-92c0-3decd9de74f4","jobId":"01a05c8a-ccb5-7b53-9238-2f6d4285113a","projectId":"01a05c4e-0b77-77e9-a5d5-97b2cf6a0407","correlationId":"01a05c8a-cbad-7d83-9f76-cf79124678c8","queueName":"pipeline","service":"pipeline-worker"}}
{"timestamp":"2026-09-01T10:36:38.433Z","level":"info","event":"job.started","fields":{"jobId":"01a05c8a-ccb5-7b53-9238-2f6d4285113a","jobType":"objectives.generate","projectId":"01a05c4e-0b77-77e9-a5d5-97b2cf6a0407","correlationId":"01a05c8a-cbad-7d83-9f76-cf79124678c8","attempt":1,"service":"pipeline-worker"}}
{"timestamp":"2026-09-01T10:45:17.422Z","level":"info","event":"job.completed","fields":{"jobId":"01a05c8a-ccb5-7b53-9238-2f6d4285113a","jobType":"objectives.generate","projectId":"01a05c4e-0b77-77e9-a5d5-97b2cf6a0407","correlationId":"01a05c8a-cbad-7d83-9f76-cf79124678c8","attempt":1,"status":"succeeded","errorClassification":"none","durationMs":518989,"service":"pipeline-worker"}}
{"timestamp":"2026-09-01T10:49:07.838Z","level":"info","event":"queue.job_dispatched","fields":{"outboxEventId":"01a05c96-3c13-76c4-bfce-41296da77b41","jobId":"01a05c96-3c13-7f07-9e01-3c220c029026","projectId":"01a05c4e-0b77-77e9-a5d5-97b2cf6a0407","correlationId":"01a05c96-3be2-7b30-80ff-cd2ddcf28b30","queueName":"pipeline","service":"pipeline-worker"}}
{"timestamp":"2026-09-01T10:49:07.840Z","level":"info","event":"job.started","fields":{"jobId":"01a05c96-3c13-7f07-9e01-3c220c029026","jobType":"outline.generate","projectId":"01a05c4e-0b77-77e9-a5d5-97b2cf6a0407","correlationId":"01a05c96-3be2-7b30-80ff-cd2ddcf28b30","attempt":1,"service":"pipeline-worker"}}
{"timestamp":"2026-09-01T10:51:30.705Z","level":"info","event":"job.completed","fields":{"jobId":"01a05c96-3c13-7f07-9e01-3c220c029026","jobType":"outline.generate","projectId":"01a05c4e-0b77-77e9-a5d5-97b2cf6a0407","correlationId":"01a05c96-3be2-7b30-80ff-cd2ddcf28b30","attempt":1,"status":"succeeded","errorClassification":"none","durationMs":142865,"service":"pipeline-worker"}}
{"timestamp":"2026-09-01T10:53:32.426Z","level":"info","event":"queue.job_dispatched","fields":{"outboxEventId":"01a05c9a-461c-746a-ae93-1983145b55c0","jobId":"01a05c9a-461c-7de2-9169-95e1a3263c49","projectId":"01a05c4e-0b77-77e9-a5d5-97b2cf6a0407","correlationId":"01a05c9a-45e8-749c-b284-925cd94233f0","queueName":"pipeline","service":"pipeline-worker"}}
{"timestamp":"2026-09-01T10:53:32.429Z","level":"info","event":"job.started","fields":{"jobId":"01a05c9a-461c-7de2-9169-95e1a3263c49","jobType":"narration.generate","projectId":"01a05c4e-0b77-77e9-a5d5-97b2cf6a0407","correlationId":"01a05c9a-45e8-749c-b284-925cd94233f0","attempt":1,"service":"pipeline-worker"}}
{"timestamp":"2026-09-01T10:56:08.410Z","level":"info","event":"job.completed","fields":{"jobId":"01a05c9a-461c-7de2-9169-95e1a3263c49","jobType":"narration.generate","projectId":"01a05c4e-0b77-77e9-a5d5-97b2cf6a0407","correlationId":"01a05c9a-45e8-749c-b284-925cd94233f0","attempt":1,"status":"failed","errorClassification":"terminal","durationMs":155982,"service":"pipeline-worker"}}
12:18:00 PM [tsx] change in ./..\..\packages\provider-adapters\dist\dynamic-mock-provider.js Restarting...
12:18:00 PM [tsx] change in ./..\..\packages\provider-adapters\dist\prompts.js Restarting...
12:18:01 PM [tsx] change in ./..\..\packages\provider-adapters\dist\prompts\objectives\v2.js Restarting...
12:18:01 PM [tsx] change in ./..\..\packages\provider-adapters\dist\quota.js Restarting...
{"timestamp":"2026-09-01T11:18:33.233Z","level":"info","event":"worker.started","fields":{"status":"ok","service":"pipeline-worker"}}
{"timestamp":"2026-09-01T11:28:52.056Z","level":"info","event":"queue.job_dispatched","fields":{"outboxEventId":"01a05cba-9aec-7e06-982f-e3304857c4ec","jobId":"01a05cba-9aec-7bdd-a41c-0bd6fbf61f1e","projectId":"01a05c4e-0b77-77e9-a5d5-97b2cf6a0407","correlationId":"01a05cba-99b0-7132-a31b-9d2d5f86bb95","queueName":"pipeline","service":"pipeline-worker"}}
{"timestamp":"2026-09-01T11:28:52.059Z","level":"info","event":"job.started","fields":{"jobId":"01a05cba-9aec-7bdd-a41c-0bd6fbf61f1e","jobType":"narration.generate","projectId":"01a05c4e-0b77-77e9-a5d5-97b2cf6a0407","correlationId":"01a05cba-99b0-7132-a31b-9d2d5f86bb95","attempt":1,"service":"pipeline-worker"}}
{"timestamp":"2026-09-01T11:34:40.853Z","level":"info","event":"job.completed","fields":{"jobId":"01a05cba-9aec-7bdd-a41c-0bd6fbf61f1e","jobType":"narration.generate","projectId":"01a05c4e-0b77-77e9-a5d5-97b2cf6a0407","correlationId":"01a05cba-99b0-7132-a31b-9d2d5f86bb95","attempt":1,"status":"failed","errorClassification":"terminal","durationMs":348793,"service":"pipeline-worker"}}
12:47:23 PM [tsx] change in ./src\model-call.ts Restarting...
12:47:32 PM [tsx] change in ./src\model-call.ts Restarting...
12:47:42 PM [tsx] change in ./src\model-call.ts Restarting...
12:47:56 PM [tsx] change in ./..\..\packages\jobs\dist\contracts.js Restarting...
12:48:02 PM [tsx] change in ./..\..\packages\jobs\dist\idempotency.js Restarting...
{"timestamp":"2026-09-01T11:48:24.091Z","level":"info","event":"worker.started","fields":{"status":"ok","service":"pipeline-worker"}}
12:48:48 PM [tsx] change in ./src\narration-job.ts Restarting...
{"timestamp":"2026-09-01T11:48:54.738Z","level":"info","event":"worker.started","fields":{"status":"ok","service":"pipeline-worker"}}
12:48:56 PM [tsx] change in ./src\narration-job.ts Restarting...
{"timestamp":"2026-09-01T11:49:03.208Z","level":"info","event":"worker.started","fields":{"status":"ok","service":"pipeline-worker"}}
12:49:03 PM [tsx] change in ./src\narration-job.ts Restarting...
12:49:09 PM [tsx] change in ./src\narration-job.ts Restarting...
{"timestamp":"2026-09-01T11:49:16.436Z","level":"info","event":"worker.started","fields":{"status":"ok","service":"pipeline-worker"}}
12:49:19 PM [tsx] change in ./src\narration-job.ts Restarting...
{"timestamp":"2026-09-01T11:49:25.119Z","level":"info","event":"worker.started","fields":{"status":"ok","service":"pipeline-worker"}}
12:49:26 PM [tsx] change in ./src\narration-job.ts Restarting...
{"timestamp":"2026-09-01T11:49:33.185Z","level":"info","event":"worker.started","fields":{"status":"ok","service":"pipeline-worker"}}
12:49:34 PM [tsx] change in ./src\narration-job.ts Restarting...
{"timestamp":"2026-09-01T11:49:41.374Z","level":"info","event":"worker.started","fields":{"status":"ok","service":"pipeline-worker"}}
12:49:49 PM [tsx] change in ./src\model-call.ts Restarting...
{"timestamp":"2026-09-01T11:49:55.744Z","level":"info","event":"worker.started","fields":{"status":"ok","service":"pipeline-worker"}}
12:49:58 PM [tsx] change in ./src\model-call.ts Restarting...
{"timestamp":"2026-09-01T11:50:04.592Z","level":"info","event":"worker.started","fields":{"status":"ok","service":"pipeline-worker"}}
12:50:05 PM [tsx] change in ./src\model-call.ts Restarting...
{"timestamp":"2026-09-01T11:50:11.900Z","level":"info","event":"worker.started","fields":{"status":"ok","service":"pipeline-worker"}}
12:50:16 PM [tsx] change in ./src\model-call.ts Restarting...
{"timestamp":"2026-09-01T11:50:22.655Z","level":"info","event":"worker.started","fields":{"status":"ok","service":"pipeline-worker"}}
{"timestamp":"2026-09-01T11:56:21.586Z","level":"info","event":"queue.job_dispatched","fields":{"outboxEventId":"01a05cd3-cb0f-78ce-b02f-2f796c66f773","jobId":"01a05cd3-cb0f-7a47-a9e7-364a2ce57f81","projectId":"01a05c4e-0b77-77e9-a5d5-97b2cf6a0407","correlationId":"01a05cd3-c9e6-7af6-ae34-5c19eda2863b","queueName":"pipeline","service":"pipeline-worker"}}
{"timestamp":"2026-09-01T11:56:21.600Z","level":"info","event":"job.started","fields":{"jobId":"01a05cd3-cb0f-7a47-a9e7-364a2ce57f81","jobType":"narration.generate","projectId":"01a05c4e-0b77-77e9-a5d5-97b2cf6a0407","correlationId":"01a05cd3-c9e6-7af6-ae34-5c19eda2863b","attempt":1,"service":"pipeline-worker"}}
{"timestamp":"2026-09-01T11:58:48.865Z","level":"info","event":"job.completed","fields":{"jobId":"01a05cd3-cb0f-7a47-a9e7-364a2ce57f81","jobType":"narration.generate","projectId":"01a05c4e-0b77-77e9-a5d5-97b2cf6a0407","correlationId":"01a05cd3-c9e6-7af6-ae34-5c19eda2863b","attempt":1,"status":"succeeded","errorClassification":"none","durationMs":147266,"service":"pipeline-worker"}}
{"timestamp":"2026-09-01T12:00:21.708Z","level":"info","event":"queue.job_dispatched","fields":{"outboxEventId":"01a05cd7-6f16-7b2a-8d53-ce3db3cfe100","jobId":"01a05cd7-6f16-791a-984d-91a66ac55c6c","projectId":"01a05c4e-0b77-77e9-a5d5-97b2cf6a0407","correlationId":"01a05cd7-6ee7-7a43-a2bf-bf90accebadf","queueName":"pipeline","service":"pipeline-worker"}}
{"timestamp":"2026-09-01T12:00:21.713Z","level":"info","event":"job.started","fields":{"jobId":"01a05cd7-6f16-791a-984d-91a66ac55c6c","jobType":"storyboard.generate","projectId":"01a05c4e-0b77-77e9-a5d5-97b2cf6a0407","correlationId":"01a05cd7-6ee7-7a43-a2bf-bf90accebadf","attempt":1,"service":"pipeline-worker"}}
{"timestamp":"2026-09-01T12:12:24.949Z","level":"info","event":"job.completed","fields":{"jobId":"01a05cd7-6f16-791a-984d-91a66ac55c6c","jobType":"storyboard.generate","projectId":"01a05c4e-0b77-77e9-a5d5-97b2cf6a0407","correlationId":"01a05cd7-6ee7-7a43-a2bf-bf90accebadf","attempt":1,"status":"succeeded","errorClassification":"none","durationMs":723235,"service":"pipeline-worker"}}
1:29:04 PM [tsx] change in ./src\storyboard-job.ts Restarting...
1:29:24 PM [tsx] change in ./src\scene-regeneration-job.ts Restarting...
1:36:18 PM [tsx] change in ./src\scene-regeneration-job.ts Rerunning...
{"timestamp":"2026-09-01T12:36:51.826Z","level":"info","event":"worker.started","fields":{"status":"ok","service":"pipeline-worker"}}
1:37:01 PM [tsx] change in ./..\..\packages\provider-adapters\dist\contracts.js Restarting...
1:37:01 PM [tsx] change in ./..\..\packages\provider-adapters\dist\cost.js Restarting...
1:37:01 PM [tsx] change in ./..\..\packages\provider-adapters\dist\dynamic-mock-provider.js Restarting...
1:37:01 PM [tsx] change in ./..\..\packages\provider-adapters\dist\prompts.js Restarting...
1:37:02 PM [tsx] change in ./..\..\packages\provider-adapters\dist\prompts\objectives\v1.js Restarting...
1:37:02 PM [tsx] change in ./..\..\packages\provider-adapters\dist\prompts\objectives\v2.js Restarting...
1:37:02 PM [tsx] change in ./..\..\packages\provider-adapters\dist\index.js Restarting...
1:37:05 PM [tsx] change in ./..\..\packages\schemas\dist\index.js Restarting...
{"timestamp":"2026-09-01T12:37:17.690Z","level":"info","event":"worker.started","fields":{"status":"ok","service":"pipeline-worker"}}
{"timestamp":"2026-09-01T12:43:14.232Z","level":"info","event":"queue.job_dispatched","fields":{"outboxEventId":"01a05cfe-b1a8-777d-9955-f9722a81aaa5","jobId":"01a05cfe-b1a8-7680-9654-a6c5a55ceb19","projectId":"01a05c4e-0b77-77e9-a5d5-97b2cf6a0407","correlationId":"01a05cfe-b17b-7d52-ae37-ed38b2fca5b9","queueName":"pipeline","service":"pipeline-worker"}}
{"timestamp":"2026-09-01T12:43:14.260Z","level":"info","event":"job.started","fields":{"jobId":"01a05cfe-b1a8-7680-9654-a6c5a55ceb19","jobType":"storyboard.scene-regenerate","projectId":"01a05c4e-0b77-77e9-a5d5-97b2cf6a0407","correlationId":"01a05cfe-b17b-7d52-ae37-ed38b2fca5b9","attempt":1,"service":"pipeline-worker"}}
{"timestamp":"2026-09-01T12:43:30.499Z","level":"info","event":"queue.job_dispatched","fields":{"outboxEventId":"01a05cfe-f055-752e-b7fd-d9eed9343369","jobId":"01a05cfe-f055-7f45-ac61-4349abad7587","projectId":"01a05c4e-0b77-77e9-a5d5-97b2cf6a0407","correlationId":"01a05cfe-f044-7ad5-a8c1-9e1cc6cf760d","queueName":"pipeline","service":"pipeline-worker"}}
{"timestamp":"2026-09-01T12:44:32.546Z","level":"info","event":"job.completed","fields":{"jobId":"01a05cfe-b1a8-7680-9654-a6c5a55ceb19","jobType":"storyboard.scene-regenerate","projectId":"01a05c4e-0b77-77e9-a5d5-97b2cf6a0407","correlationId":"01a05cfe-b17b-7d52-ae37-ed38b2fca5b9","attempt":1,"status":"succeeded","errorClassification":"none","durationMs":78286,"service":"pipeline-worker"}}
{"timestamp":"2026-09-01T12:44:32.622Z","level":"info","event":"job.started","fields":{"jobId":"01a05cfe-f055-7f45-ac61-4349abad7587","jobType":"tts.generate","projectId":"01a05c4e-0b77-77e9-a5d5-97b2cf6a0407","correlationId":"01a05cfe-f044-7ad5-a8c1-9e1cc6cf760d","attempt":1,"service":"pipeline-worker"}}
{"timestamp":"2026-09-01T12:44:38.768Z","level":"info","event":"job.completed","fields":{"jobId":"01a05cfe-f055-7f45-ac61-4349abad7587","jobType":"tts.generate","projectId":"01a05c4e-0b77-77e9-a5d5-97b2cf6a0407","correlationId":"01a05cfe-f044-7ad5-a8c1-9e1cc6cf760d","attempt":1,"status":"retry_wait","errorClassification":"retryable","durationMs":6146,"service":"pipeline-worker"}}
{"timestamp":"2026-09-01T12:44:44.331Z","level":"info","event":"job.started","fields":{"jobId":"01a05cfe-f055-7f45-ac61-4349abad7587","jobType":"tts.generate","projectId":"01a05c4e-0b77-77e9-a5d5-97b2cf6a0407","correlationId":"01a05cfe-f044-7ad5-a8c1-9e1cc6cf760d","attempt":2,"service":"pipeline-worker"}}
{"timestamp":"2026-09-01T12:44:49.085Z","level":"info","event":"job.completed","fields":{"jobId":"01a05cfe-f055-7f45-ac61-4349abad7587","jobType":"tts.generate","projectId":"01a05c4e-0b77-77e9-a5d5-97b2cf6a0407","correlationId":"01a05cfe-f044-7ad5-a8c1-9e1cc6cf760d","attempt":2,"status":"retry_wait","errorClassification":"retryable","durationMs":4754,"service":"pipeline-worker"}}
{"timestamp":"2026-09-01T12:44:54.375Z","level":"info","event":"job.started","fields":{"jobId":"01a05cfe-f055-7f45-ac61-4349abad7587","jobType":"tts.generate","projectId":"01a05c4e-0b77-77e9-a5d5-97b2cf6a0407","correlationId":"01a05cfe-f044-7ad5-a8c1-9e1cc6cf760d","attempt":3,"service":"pipeline-worker"}}
{"timestamp":"2026-09-01T12:44:58.483Z","level":"info","event":"job.completed","fields":{"jobId":"01a05cfe-f055-7f45-ac61-4349abad7587","jobType":"tts.generate","projectId":"01a05c4e-0b77-77e9-a5d5-97b2cf6a0407","correlationId":"01a05cfe-f044-7ad5-a8c1-9e1cc6cf760d","attempt":3,"status":"failed","errorClassification":"retryable","durationMs":4107,"service":"pipeline-worker"}}
{"timestamp":"2026-09-01T12:45:30.236Z","level":"info","event":"queue.job_dispatched","fields":{"outboxEventId":"01a05d00-bff2-7f1a-afe6-bda9fed5b570","jobId":"01a05d00-bff2-7a7c-8c86-d6531b773f5c","projectId":"01a05c4e-0b77-77e9-a5d5-97b2cf6a0407","correlationId":"01a05d00-bfcf-7c6a-87d7-c1358d4c2c8d","queueName":"pipeline","service":"pipeline-worker"}}
{"timestamp":"2026-09-01T12:45:30.250Z","level":"info","event":"job.started","fields":{"jobId":"01a05d00-bff2-7a7c-8c86-d6531b773f5c","jobType":"storyboard.generate","projectId":"01a05c4e-0b77-77e9-a5d5-97b2cf6a0407","correlationId":"01a05d00-bfcf-7c6a-87d7-c1358d4c2c8d","attempt":1,"service":"pipeline-worker"}}
{"timestamp":"2026-09-01T12:53:33.096Z","level":"info","event":"job.completed","fields":{"jobId":"01a05d00-bff2-7a7c-8c86-d6531b773f5c","jobType":"storyboard.generate","projectId":"01a05c4e-0b77-77e9-a5d5-97b2cf6a0407","correlationId":"01a05d00-bfcf-7c6a-87d7-c1358d4c2c8d","attempt":1,"status":"succeeded","errorClassification":"none","durationMs":482846,"service":"pipeline-worker"}}
{"timestamp":"2026-09-01T13:17:57.457Z","level":"info","event":"queue.job_dispatched","fields":{"outboxEventId":"01a05d1e-7c2c-7eae-8682-969dd63e42a5","jobId":"01a05d1e-7c2c-7f71-befa-b6b539e4d89b","projectId":"01a05c4e-0b77-77e9-a5d5-97b2cf6a0407","correlationId":"01a05d1e-7b4f-738f-8b7c-6afcdff40f3f","queueName":"pipeline","service":"pipeline-worker"}}
{"timestamp":"2026-09-01T13:17:57.498Z","level":"info","event":"job.started","fields":{"jobId":"01a05d1e-7c2c-7f71-befa-b6b539e4d89b","jobType":"storyboard.generate","projectId":"01a05c4e-0b77-77e9-a5d5-97b2cf6a0407","correlationId":"01a05d1e-7b4f-738f-8b7c-6afcdff40f3f","attempt":1,"service":"pipeline-worker"}}
{"timestamp":"2026-09-01T13:25:35.130Z","level":"info","event":"job.completed","fields":{"jobId":"01a05d1e-7c2c-7f71-befa-b6b539e4d89b","jobType":"storyboard.generate","projectId":"01a05c4e-0b77-77e9-a5d5-97b2cf6a0407","correlationId":"01a05d1e-7b4f-738f-8b7c-6afcdff40f3f","attempt":1,"status":"succeeded","errorClassification":"none","durationMs":457631,"service":"pipeline-worker"}}
D:\Eronmonsele\Documents\repos\product-app\apps\pipeline-worker:
 ERR_PNPM_RECURSIVE_RUN_FIRST_FAIL  @avlp/pipeline-worker@0.0.0 dev: `tsx watch --env-file=../../.env src/main.ts`
Exit status 4294967295
